<?xml version="1.0"?>
<link_info>
   <banner>TI ARM Linker Unix v5.1.10</banner>
   <copyright>Copyright (c) 1996-2015 Texas Instruments Incorporated</copyright>
   <link_time>0x58a9bdec</link_time>
   <link_errors>0x0</link_errors>
   <output_file>../../../../../../../binary/armv7a/cgt_ccs/am335x/beaglebone/bootloader/Debug_MMCSD/boot.out</output_file>
   <entry_point>
      <name>Entry</name>
      <address>0x402f0400</address>
   </entry_point>
   <input_file_list>
      <input_file id="fl-2">
         <path>./</path>
         <kind>object</kind>
         <file>bl_copy.obj</file>
         <name>bl_copy.obj</name>
      </input_file>
      <input_file id="fl-3">
         <path>./</path>
         <kind>object</kind>
         <file>bl_hsmmcsd.obj</file>
         <name>bl_hsmmcsd.obj</name>
      </input_file>
      <input_file id="fl-4">
         <path>./</path>
         <kind>object</kind>
         <file>bl_init.obj</file>
         <name>bl_init.obj</name>
      </input_file>
      <input_file id="fl-5">
         <path>./</path>
         <kind>object</kind>
         <file>bl_main.obj</file>
         <name>bl_main.obj</name>
      </input_file>
      <input_file id="fl-6">
         <path>./</path>
         <kind>object</kind>
         <file>bl_platform.obj</file>
         <name>bl_platform.obj</name>
      </input_file>
      <input_file id="fl-7">
         <path>./</path>
         <kind>object</kind>
         <file>cache.obj</file>
         <name>cache.obj</name>
      </input_file>
      <input_file id="fl-8">
         <path>./</path>
         <kind>object</kind>
         <file>cp15.obj</file>
         <name>cp15.obj</name>
      </input_file>
      <input_file id="fl-9">
         <path>./</path>
         <kind>object</kind>
         <file>device.obj</file>
         <name>device.obj</name>
      </input_file>
      <input_file id="fl-a">
         <path>./</path>
         <kind>object</kind>
         <file>fat_mmcsd.obj</file>
         <name>fat_mmcsd.obj</name>
      </input_file>
      <input_file id="fl-b">
         <path>./</path>
         <kind>object</kind>
         <file>ff.obj</file>
         <name>ff.obj</name>
      </input_file>
      <input_file id="fl-c">
         <path>./</path>
         <kind>object</kind>
         <file>mmu.obj</file>
         <name>mmu.obj</name>
      </input_file>
      <input_file id="fl-13d">
         <path>/home/thanasis/Programs/ti/ccsv6/tools/compiler/arm_5.1.10/lib/</path>
         <kind>archive</kind>
         <file>rtsv7A8_A_le_eabi.lib</file>
         <name>auto_init.obj</name>
      </input_file>
      <input_file id="fl-13e">
         <path>/home/thanasis/Programs/ti/ccsv6/tools/compiler/arm_5.1.10/lib/</path>
         <kind>archive</kind>
         <file>rtsv7A8_A_le_eabi.lib</file>
         <name>boot.obj</name>
      </input_file>
      <input_file id="fl-13f">
         <path>/home/thanasis/Programs/ti/ccsv6/tools/compiler/arm_5.1.10/lib/</path>
         <kind>archive</kind>
         <file>rtsv7A8_A_le_eabi.lib</file>
         <name>cpy_tbl.obj</name>
      </input_file>
      <input_file id="fl-140">
         <path>/home/thanasis/Programs/ti/ccsv6/tools/compiler/arm_5.1.10/lib/</path>
         <kind>archive</kind>
         <file>rtsv7A8_A_le_eabi.lib</file>
         <name>exit.obj</name>
      </input_file>
      <input_file id="fl-141">
         <path>/home/thanasis/Programs/ti/ccsv6/tools/compiler/arm_5.1.10/lib/</path>
         <kind>archive</kind>
         <file>rtsv7A8_A_le_eabi.lib</file>
         <name>memcmp.obj</name>
      </input_file>
      <input_file id="fl-142">
         <path>/home/thanasis/Programs/ti/ccsv6/tools/compiler/arm_5.1.10/lib/</path>
         <kind>archive</kind>
         <file>rtsv7A8_A_le_eabi.lib</file>
         <name>memcpy32.obj</name>
      </input_file>
      <input_file id="fl-143">
         <path>/home/thanasis/Programs/ti/ccsv6/tools/compiler/arm_5.1.10/lib/</path>
         <kind>archive</kind>
         <file>rtsv7A8_A_le_eabi.lib</file>
         <name>memset32.obj</name>
      </input_file>
      <input_file id="fl-144">
         <path>/home/thanasis/Programs/ti/ccsv6/tools/compiler/arm_5.1.10/lib/</path>
         <kind>archive</kind>
         <file>rtsv7A8_A_le_eabi.lib</file>
         <name>stkdepth_vars.obj</name>
      </input_file>
      <input_file id="fl-145">
         <path>/home/thanasis/Programs/ti/ccsv6/tools/compiler/arm_5.1.10/lib/</path>
         <kind>archive</kind>
         <file>rtsv7A8_A_le_eabi.lib</file>
         <name>strcmp.obj</name>
      </input_file>
      <input_file id="fl-146">
         <path>/home/thanasis/Programs/ti/ccsv6/tools/compiler/arm_5.1.10/lib/</path>
         <kind>archive</kind>
         <file>rtsv7A8_A_le_eabi.lib</file>
         <name>u_div32.obj</name>
      </input_file>
      <input_file id="fl-147">
         <path>/home/thanasis/Programs/ti/ccsv6/tools/compiler/arm_5.1.10/lib/</path>
         <kind>archive</kind>
         <file>rtsv7A8_A_le_eabi.lib</file>
         <name>_lock.obj</name>
      </input_file>
      <input_file id="fl-148">
         <path>/home/thanasis/Programs/ti/ccsv6/tools/compiler/arm_5.1.10/lib/</path>
         <kind>archive</kind>
         <file>rtsv7A8_A_le_eabi.lib</file>
         <name>args_main.obj</name>
      </input_file>
      <input_file id="fl-149">
         <path>../../../../../../../binary/armv7a/cgt_ccs/utils/Debug/</path>
         <kind>archive</kind>
         <file>utils.lib</file>
         <name>board.obj</name>
      </input_file>
      <input_file id="fl-14a">
         <path>../../../../../../../binary/armv7a/cgt_ccs/utils/Debug/</path>
         <kind>archive</kind>
         <file>utils.lib</file>
         <name>uartStdio.obj</name>
      </input_file>
      <input_file id="fl-14b">
         <path>../../../../../../../binary/armv7a/cgt_ccs/utils/Debug/</path>
         <kind>archive</kind>
         <file>utils.lib</file>
         <name>ascii.obj</name>
      </input_file>
      <input_file id="fl-14c">
         <path>../../../../../../../binary/armv7a/cgt_ccs/mmcsdlib/Debug/</path>
         <kind>archive</kind>
         <file>libmmcsd.lib</file>
         <name>hs_mmcsdlib.obj</name>
      </input_file>
      <input_file id="fl-14d">
         <path>../../../../../../../binary/armv7a/cgt_ccs/mmcsdlib/Debug/</path>
         <kind>archive</kind>
         <file>libmmcsd.lib</file>
         <name>mmcsd_proto.obj</name>
      </input_file>
      <input_file id="fl-14e">
         <path>../../../../../../../binary/armv7a/cgt_ccs/am335x/drivers/Debug/</path>
         <kind>archive</kind>
         <file>drivers.lib</file>
         <name>gpio_v2.obj</name>
      </input_file>
      <input_file id="fl-14f">
         <path>../../../../../../../binary/armv7a/cgt_ccs/am335x/drivers/Debug/</path>
         <kind>archive</kind>
         <file>drivers.lib</file>
         <name>hs_mmcsd.obj</name>
      </input_file>
      <input_file id="fl-150">
         <path>../../../../../../../binary/armv7a/cgt_ccs/am335x/drivers/Debug/</path>
         <kind>archive</kind>
         <file>drivers.lib</file>
         <name>hsi2c.obj</name>
      </input_file>
      <input_file id="fl-151">
         <path>../../../../../../../binary/armv7a/cgt_ccs/am335x/beaglebone/platform/Debug/</path>
         <kind>archive</kind>
         <file>platform.lib</file>
         <name>board.obj</name>
      </input_file>
      <input_file id="fl-152">
         <path>../../../../../../../binary/armv7a/cgt_ccs/am335x/beaglebone/platform/Debug/</path>
         <kind>archive</kind>
         <file>platform.lib</file>
         <name>eeprom.obj</name>
      </input_file>
      <input_file id="fl-153">
         <path>../../../../../../../binary/armv7a/cgt_ccs/am335x/beaglebone/platform/Debug/</path>
         <kind>archive</kind>
         <file>platform.lib</file>
         <name>gpio.obj</name>
      </input_file>
      <input_file id="fl-154">
         <path>../../../../../../../binary/armv7a/cgt_ccs/am335x/beaglebone/platform/Debug/</path>
         <kind>archive</kind>
         <file>platform.lib</file>
         <name>hs_mmcsd.obj</name>
      </input_file>
      <input_file id="fl-155">
         <path>../../../../../../../binary/armv7a/cgt_ccs/am335x/beaglebone/platform/Debug/</path>
         <kind>archive</kind>
         <file>platform.lib</file>
         <name>hsi2c.obj</name>
      </input_file>
      <input_file id="fl-156">
         <path>../../../../../../../binary/armv7a/cgt_ccs/am335x/beaglebone/platform/Debug/</path>
         <kind>archive</kind>
         <file>platform.lib</file>
         <name>uartConsole.obj</name>
      </input_file>
      <input_file id="fl-157">
         <path>../../../../../../../binary/armv7a/cgt_ccs/am335x/beaglebone/platform/Debug/</path>
         <kind>archive</kind>
         <file>platform.lib</file>
         <name>uart.obj</name>
      </input_file>
      <input_file id="fl-158">
         <path>/home/thanasis/Programs/ti/ccsv6/tools/compiler/arm_5.1.10/lib/</path>
         <kind>archive</kind>
         <file>rtsv7A8_A_le_eabi.lib</file>
         <name>strncmp.obj</name>
      </input_file>
      <input_file id="fl-159">
         <path>../../../../../../../binary/armv7a/cgt_ccs/am335x/drivers/Debug/</path>
         <kind>archive</kind>
         <file>drivers.lib</file>
         <name>uart_irda_cir.obj</name>
      </input_file>
   </input_file_list>
   <object_component_list>
      <object_component id="oc-9">
         <name>.text</name>
         <load_address>0x402f0400</load_address>
         <run_address>0x402f0400</run_address>
         <size>0x88</size>
         <input_file_ref idref="fl-4"/>
      </object_component>
      <object_component id="oc-e8">
         <name>.text</name>
         <load_address>0x402f0488</load_address>
         <run_address>0x402f0488</run_address>
         <size>0x367c</size>
         <input_file_ref idref="fl-b"/>
      </object_component>
      <object_component id="oc-125">
         <name>.text</name>
         <load_address>0x402f3b04</load_address>
         <run_address>0x402f3b04</run_address>
         <size>0x1d28</size>
         <input_file_ref idref="fl-159"/>
      </object_component>
      <object_component id="oc-21">
         <name>.text</name>
         <load_address>0x402f582c</load_address>
         <run_address>0x402f582c</run_address>
         <size>0x19f8</size>
         <input_file_ref idref="fl-14a"/>
      </object_component>
      <object_component id="oc-1b">
         <name>.text</name>
         <load_address>0x402f7224</load_address>
         <run_address>0x402f7224</run_address>
         <size>0x155c</size>
         <input_file_ref idref="fl-6"/>
      </object_component>
      <object_component id="oc-ee">
         <name>.text</name>
         <load_address>0x402f8780</load_address>
         <run_address>0x402f8780</run_address>
         <size>0xd38</size>
         <input_file_ref idref="fl-14d"/>
      </object_component>
      <object_component id="oc-70">
         <name>.text</name>
         <load_address>0x402f94b8</load_address>
         <run_address>0x402f94b8</run_address>
         <size>0xb50</size>
         <input_file_ref idref="fl-14e"/>
      </object_component>
      <object_component id="oc-4f">
         <name>.text</name>
         <load_address>0x402fa008</load_address>
         <run_address>0x402fa008</run_address>
         <size>0xadc</size>
         <input_file_ref idref="fl-150"/>
      </object_component>
      <object_component id="oc-e2">
         <name>.text</name>
         <load_address>0x402faae4</load_address>
         <run_address>0x402faae4</run_address>
         <size>0x9f0</size>
         <input_file_ref idref="fl-14f"/>
      </object_component>
      <object_component id="oc-76">
         <name>.text</name>
         <load_address>0x402fb4d4</load_address>
         <run_address>0x402fb4d4</run_address>
         <size>0x848</size>
         <input_file_ref idref="fl-3"/>
      </object_component>
      <object_component id="oc-9a">
         <name>.text</name>
         <load_address>0x402fbd1c</load_address>
         <run_address>0x402fbd1c</run_address>
         <size>0x638</size>
         <input_file_ref idref="fl-14b"/>
      </object_component>
      <object_component id="oc-1ce">
         <name>.text</name>
         <load_address>0x402fc354</load_address>
         <run_address>0x402fc354</run_address>
         <size>0x488</size>
         <input_file_ref idref="fl-8"/>
      </object_component>
      <object_component id="oc-fa">
         <name>.text</name>
         <load_address>0x402fc7dc</load_address>
         <run_address>0x402fc7dc</run_address>
         <size>0x420</size>
         <input_file_ref idref="fl-14c"/>
      </object_component>
      <object_component id="oc-49">
         <name>.text</name>
         <load_address>0x402fcbfc</load_address>
         <run_address>0x402fcbfc</run_address>
         <size>0x418</size>
         <input_file_ref idref="fl-155"/>
      </object_component>
      <object_component id="oc-12b">
         <name>.text</name>
         <load_address>0x402fd014</load_address>
         <run_address>0x402fd014</run_address>
         <size>0x2ec</size>
         <input_file_ref idref="fl-157"/>
      </object_component>
      <object_component id="oc-6a">
         <name>.text</name>
         <load_address>0x402fd300</load_address>
         <run_address>0x402fd300</run_address>
         <size>0x278</size>
         <input_file_ref idref="fl-153"/>
      </object_component>
      <object_component id="oc-ca">
         <name>.text</name>
         <load_address>0x402fd578</load_address>
         <run_address>0x402fd578</run_address>
         <size>0x228</size>
         <input_file_ref idref="fl-152"/>
      </object_component>
      <object_component id="oc-167">
         <name>.text</name>
         <load_address>0x402fd7a0</load_address>
         <run_address>0x402fd7a0</run_address>
         <size>0x210</size>
         <input_file_ref idref="fl-a"/>
      </object_component>
      <object_component id="oc-58">
         <name>.text</name>
         <load_address>0x402fd9b0</load_address>
         <run_address>0x402fd9b0</run_address>
         <size>0x184</size>
         <input_file_ref idref="fl-154"/>
      </object_component>
      <object_component id="oc-b7">
         <name>.text</name>
         <load_address>0x402fdb34</load_address>
         <run_address>0x402fdb34</run_address>
         <size>0x180</size>
         <input_file_ref idref="fl-142"/>
      </object_component>
      <object_component id="oc-8a">
         <name>.text</name>
         <load_address>0x402fdcb4</load_address>
         <run_address>0x402fdcb4</run_address>
         <size>0x14c</size>
         <input_file_ref idref="fl-156"/>
      </object_component>
      <object_component id="oc-182">
         <name>.text</name>
         <load_address>0x402fde00</load_address>
         <run_address>0x402fde00</run_address>
         <size>0x130</size>
         <input_file_ref idref="fl-7"/>
      </object_component>
      <object_component id="oc-5e">
         <name>.text</name>
         <load_address>0x402fdf30</load_address>
         <run_address>0x402fdf30</run_address>
         <size>0x124</size>
         <input_file_ref idref="fl-149"/>
      </object_component>
      <object_component id="oc-95">
         <name>.text</name>
         <load_address>0x402fe054</load_address>
         <run_address>0x402fe054</run_address>
         <size>0xf4</size>
         <input_file_ref idref="fl-146"/>
      </object_component>
      <object_component id="oc-15">
         <name>.text</name>
         <load_address>0x402fe148</load_address>
         <run_address>0x402fe148</run_address>
         <size>0xd4</size>
         <input_file_ref idref="fl-13d"/>
      </object_component>
      <object_component id="oc-f">
         <name>.text</name>
         <load_address>0x402fe21c</load_address>
         <run_address>0x402fe21c</run_address>
         <size>0xc4</size>
         <input_file_ref idref="fl-5"/>
      </object_component>
      <object_component id="oc-90">
         <name>.text</name>
         <load_address>0x402fe2e0</load_address>
         <run_address>0x402fe2e0</run_address>
         <size>0xb0</size>
         <input_file_ref idref="fl-143"/>
      </object_component>
      <object_component id="oc-d0">
         <name>.text</name>
         <load_address>0x402fe390</load_address>
         <run_address>0x402fe390</run_address>
         <size>0xa4</size>
         <input_file_ref idref="fl-151"/>
      </object_component>
      <object_component id="oc-3c">
         <name>.text</name>
         <load_address>0x402fe434</load_address>
         <run_address>0x402fe434</run_address>
         <size>0x80</size>
         <input_file_ref idref="fl-13f"/>
      </object_component>
      <object_component id="oc-43">
         <name>.text</name>
         <load_address>0x402fe4b4</load_address>
         <run_address>0x402fe4b4</run_address>
         <size>0x38</size>
         <input_file_ref idref="fl-9"/>
      </object_component>
      <object_component id="oc-16d">
         <name>.text</name>
         <load_address>0x402fe4ec</load_address>
         <run_address>0x402fe4ec</run_address>
         <size>0x34</size>
         <input_file_ref idref="fl-141"/>
      </object_component>
      <object_component id="oc-152">
         <name>.text</name>
         <load_address>0x402fe520</load_address>
         <run_address>0x402fe520</run_address>
         <size>0x34</size>
         <input_file_ref idref="fl-158"/>
      </object_component>
      <object_component id="oc-64">
         <name>.text</name>
         <load_address>0x402fe554</load_address>
         <run_address>0x402fe554</run_address>
         <size>0x28</size>
         <input_file_ref idref="fl-145"/>
      </object_component>
      <object_component id="oc-27">
         <name>.text</name>
         <load_address>0x402fe57c</load_address>
         <run_address>0x402fe57c</run_address>
         <size>0x24</size>
         <input_file_ref idref="fl-2"/>
      </object_component>
      <object_component id="oc-7c">
         <name>.data:oppTable</name>
         <load_address>0x402fedf8</load_address>
         <run_address>0x402fedf8</run_address>
         <size>0x50</size>
         <input_file_ref idref="fl-6"/>
      </object_component>
      <object_component id="oc-f4">
         <name>.data</name>
         <load_address>0x402fee48</load_address>
         <run_address>0x402fee48</run_address>
         <size>0x24</size>
         <input_file_ref idref="fl-3"/>
      </object_component>
      <object_component id="oc-2d">
         <name>.data</name>
         <load_address>0x402fee6c</load_address>
         <run_address>0x402fee6c</run_address>
         <size>0x9</size>
         <input_file_ref idref="fl-6"/>
      </object_component>
      <object_component id="oc-33">
         <name>.data</name>
         <load_address>0x402fee78</load_address>
         <run_address>0x402fee78</run_address>
         <size>0x8</size>
         <input_file_ref idref="fl-5"/>
      </object_component>
      <object_component id="oc-d8">
         <name>.data</name>
         <load_address>0x402fee80</load_address>
         <run_address>0x402fee80</run_address>
         <size>0x4</size>
         <input_file_ref idref="fl-149"/>
      </object_component>
      <object_component id="oc-f7">
         <name>.bss:ctrlInfo</name>
         <uninitialized>true</uninitialized>
         <run_address>0x402feca0</run_address>
         <size>0x50</size>
         <input_file_ref idref="fl-3"/>
      </object_component>
      <object_component id="oc-100">
         <name>.bss:sdCard</name>
         <uninitialized>true</uninitialized>
         <run_address>0x402fed80</run_address>
         <size>0x48</size>
         <input_file_ref idref="fl-3"/>
      </object_component>
      <object_component id="oc-103">
         <name>.bss:g_sFatFs</name>
         <uninitialized>true</uninitialized>
         <run_address>0x402fe848</run_address>
         <size>0x240</size>
         <input_file_ref idref="fl-3"/>
      </object_component>
      <object_component id="oc-10a">
         <name>.bss:g_sFileObject</name>
         <uninitialized>true</uninitialized>
         <run_address>0x402fe600</run_address>
         <size>0x248</size>
         <input_file_ref idref="fl-3"/>
      </object_component>
      <object_component id="oc-10d">
         <name>.bss:g_cTmpBuf</name>
         <uninitialized>true</uninitialized>
         <run_address>0x402feaa0</run_address>
         <size>0x200</size>
         <input_file_ref idref="fl-3"/>
      </object_component>
      <object_component id="oc-188">
         <name>.bss:dataBuffer</name>
         <uninitialized>true</uninitialized>
         <run_address>0x402fed00</run_address>
         <size>0x80</size>
         <input_file_ref idref="fl-14d"/>
      </object_component>
      <object_component id="oc-30">
         <name>.common:appEntry</name>
         <uninitialized>true</uninitialized>
         <run_address>0x402fedd0</run_address>
         <size>0x4</size>
      </object_component>
      <object_component id="oc-83">
         <name>.common:dataFromSlave</name>
         <uninitialized>true</uninitialized>
         <run_address>0x402fedd8</run_address>
         <size>0x4</size>
      </object_component>
      <object_component id="oc-85">
         <name>.common:dataToSlave</name>
         <uninitialized>true</uninitialized>
         <run_address>0x402feddc</run_address>
         <size>0x4</size>
      </object_component>
      <object_component id="oc-82">
         <name>.common:tCount</name>
         <uninitialized>true</uninitialized>
         <run_address>0x402fedf0</run_address>
         <size>0x4</size>
      </object_component>
      <object_component id="oc-84">
         <name>.common:rCount</name>
         <uninitialized>true</uninitialized>
         <run_address>0x402fedec</run_address>
         <size>0x4</size>
      </object_component>
      <object_component id="oc-7f">
         <name>.common:oppMaxIdx</name>
         <uninitialized>true</uninitialized>
         <run_address>0x402fede8</run_address>
         <size>0x4</size>
      </object_component>
      <object_component id="oc-55">
         <name>.common:deviceVersion</name>
         <uninitialized>true</uninitialized>
         <run_address>0x402fede0</run_address>
         <size>0x4</size>
      </object_component>
      <object_component id="oc-80">
         <name>.common:freqMultDDR</name>
         <uninitialized>true</uninitialized>
         <run_address>0x402fede4</run_address>
         <size>0x4</size>
      </object_component>
      <object_component id="oc-1c8">
         <name>.common:fat_devices</name>
         <uninitialized>true</uninitialized>
         <run_address>0x402fea88</run_address>
         <size>0x18</size>
      </object_component>
      <object_component id="oc-173">
         <name>.common:FatFs</name>
         <uninitialized>true</uninitialized>
         <run_address>0x402fecf0</run_address>
         <size>0x8</size>
      </object_component>
      <object_component id="oc-176">
         <name>.common:fsid</name>
         <uninitialized>true</uninitialized>
         <run_address>0x402fedf4</run_address>
         <size>0x2</size>
      </object_component>
      <object_component id="oc-d6">
         <name>.common:boardVersion</name>
         <uninitialized>true</uninitialized>
         <run_address>0x402fedc8</run_address>
         <size>0x8</size>
      </object_component>
      <object_component id="oc-d7">
         <name>.common:boardName</name>
         <uninitialized>true</uninitialized>
         <run_address>0x402fecf8</run_address>
         <size>0x8</size>
      </object_component>
      <object_component id="oc-db">
         <name>.common:boardData</name>
         <uninitialized>true</uninitialized>
         <run_address>0x402fedd4</run_address>
         <size>0x4</size>
      </object_component>
      <object_component id="oc-136">
         <name>.const:.string</name>
         <load_address>0x402fe5a0</load_address>
         <run_address>0x402fe5a0</run_address>
         <size>0x14</size>
         <input_file_ref idref="fl-14a"/>
      </object_component>
      <object_component id="oc-ab">
         <name>.const:.string</name>
         <load_address>0x402fe5b4</load_address>
         <run_address>0x402fe5b4</run_address>
         <size>0x8</size>
         <input_file_ref idref="fl-6"/>
      </object_component>
      <object_component id="oc-a0">
         <name>.const</name>
         <load_address>0x402fe5bc</load_address>
         <run_address>0x402fe5bc</run_address>
         <size>0x4</size>
         <input_file_ref idref="fl-14a"/>
      </object_component>
      <object_component id="oc-e">
         <name>.stack</name>
         <uninitialized>true</uninitialized>
         <run_address>0x4030fff0</run_address>
         <size>0x0</size>
         <input_file_ref idref="fl-13e"/>
      </object_component>
      <object_component id="oc-1fd">
         <name>.stack</name>
         <uninitialized>true</uninitialized>
         <run_address>0x4030fff0</run_address>
         <size>0x0</size>
      </object_component>
      <object_component id="oc-a">
         <name>.debug_info</name>
         <load_address>0x0</load_address>
         <run_address>0x0</run_address>
         <size>0x1a5</size>
         <input_file_ref idref="fl-4"/>
      </object_component>
      <object_component id="oc-10">
         <name>.debug_info</name>
         <load_address>0x1a5</load_address>
         <run_address>0x1a5</run_address>
         <size>0x31a</size>
         <input_file_ref idref="fl-5"/>
      </object_component>
      <object_component id="oc-16">
         <name>.debug_info</name>
         <load_address>0x4bf</load_address>
         <run_address>0x4bf</run_address>
         <size>0x13d</size>
         <input_file_ref idref="fl-13d"/>
      </object_component>
      <object_component id="oc-1c">
         <name>.debug_info</name>
         <load_address>0x5fc</load_address>
         <run_address>0x5fc</run_address>
         <size>0x27f2</size>
         <input_file_ref idref="fl-6"/>
      </object_component>
      <object_component id="oc-22">
         <name>.debug_info</name>
         <load_address>0x2dee</load_address>
         <run_address>0x2dee</run_address>
         <size>0x181b</size>
         <input_file_ref idref="fl-14a"/>
      </object_component>
      <object_component id="oc-28">
         <name>.debug_info</name>
         <load_address>0x4609</load_address>
         <run_address>0x4609</run_address>
         <size>0x311</size>
         <input_file_ref idref="fl-2"/>
      </object_component>
      <object_component id="oc-2e">
         <name>.debug_info</name>
         <load_address>0x491a</load_address>
         <run_address>0x491a</run_address>
         <size>0x18e</size>
         <input_file_ref idref="fl-6"/>
      </object_component>
      <object_component id="oc-31">
         <name>.debug_info</name>
         <load_address>0x4aa8</load_address>
         <run_address>0x4aa8</run_address>
         <size>0x228</size>
         <input_file_ref idref="fl-5"/>
      </object_component>
      <object_component id="oc-34">
         <name>.debug_info</name>
         <load_address>0x4cd0</load_address>
         <run_address>0x4cd0</run_address>
         <size>0x170</size>
         <input_file_ref idref="fl-5"/>
      </object_component>
      <object_component id="oc-37">
         <name>.debug_info</name>
         <load_address>0x4e40</load_address>
         <run_address>0x4e40</run_address>
         <size>0x84</size>
         <input_file_ref idref="fl-2"/>
      </object_component>
      <object_component id="oc-3d">
         <name>.debug_info</name>
         <load_address>0x4ec4</load_address>
         <run_address>0x4ec4</run_address>
         <size>0x14c</size>
         <input_file_ref idref="fl-13f"/>
      </object_component>
      <object_component id="oc-44">
         <name>.debug_info</name>
         <load_address>0x5010</load_address>
         <run_address>0x5010</run_address>
         <size>0x32c</size>
         <input_file_ref idref="fl-9"/>
      </object_component>
      <object_component id="oc-4a">
         <name>.debug_info</name>
         <load_address>0x533c</load_address>
         <run_address>0x533c</run_address>
         <size>0x3d2</size>
         <input_file_ref idref="fl-155"/>
      </object_component>
      <object_component id="oc-50">
         <name>.debug_info</name>
         <load_address>0x570e</load_address>
         <run_address>0x570e</run_address>
         <size>0x315a</size>
         <input_file_ref idref="fl-150"/>
      </object_component>
      <object_component id="oc-56">
         <name>.debug_info</name>
         <load_address>0x8868</load_address>
         <run_address>0x8868</run_address>
         <size>0x9a1</size>
         <input_file_ref idref="fl-6"/>
      </object_component>
      <object_component id="oc-59">
         <name>.debug_info</name>
         <load_address>0x9209</load_address>
         <run_address>0x9209</run_address>
         <size>0x30b</size>
         <input_file_ref idref="fl-154"/>
      </object_component>
      <object_component id="oc-5f">
         <name>.debug_info</name>
         <load_address>0x9514</load_address>
         <run_address>0x9514</run_address>
         <size>0x421</size>
         <input_file_ref idref="fl-149"/>
      </object_component>
      <object_component id="oc-65">
         <name>.debug_info</name>
         <load_address>0x9935</load_address>
         <run_address>0x9935</run_address>
         <size>0x17f</size>
         <input_file_ref idref="fl-145"/>
      </object_component>
      <object_component id="oc-6b">
         <name>.debug_info</name>
         <load_address>0x9ab4</load_address>
         <run_address>0x9ab4</run_address>
         <size>0x79f</size>
         <input_file_ref idref="fl-153"/>
      </object_component>
      <object_component id="oc-71">
         <name>.debug_info</name>
         <load_address>0xa253</load_address>
         <run_address>0xa253</run_address>
         <size>0x249e</size>
         <input_file_ref idref="fl-14e"/>
      </object_component>
      <object_component id="oc-77">
         <name>.debug_info</name>
         <load_address>0xc6f1</load_address>
         <run_address>0xc6f1</run_address>
         <size>0xcf1</size>
         <input_file_ref idref="fl-3"/>
      </object_component>
      <object_component id="oc-7d">
         <name>.debug_info</name>
         <load_address>0xd3e2</load_address>
         <run_address>0xd3e2</run_address>
         <size>0x154</size>
         <input_file_ref idref="fl-6"/>
      </object_component>
      <object_component id="oc-87">
         <name>.debug_info</name>
         <load_address>0xd536</load_address>
         <run_address>0xd536</run_address>
         <size>0x222</size>
         <input_file_ref idref="fl-149"/>
      </object_component>
      <object_component id="oc-8b">
         <name>.debug_info</name>
         <load_address>0xd758</load_address>
         <run_address>0xd758</run_address>
         <size>0x9a5</size>
         <input_file_ref idref="fl-156"/>
      </object_component>
      <object_component id="oc-91">
         <name>.debug_info</name>
         <load_address>0xe0fd</load_address>
         <run_address>0xe0fd</run_address>
         <size>0xfe</size>
         <input_file_ref idref="fl-143"/>
      </object_component>
      <object_component id="oc-96">
         <name>.debug_info</name>
         <load_address>0xe1fb</load_address>
         <run_address>0xe1fb</run_address>
         <size>0x13a</size>
         <input_file_ref idref="fl-146"/>
      </object_component>
      <object_component id="oc-9b">
         <name>.debug_info</name>
         <load_address>0xe335</load_address>
         <run_address>0xe335</run_address>
         <size>0x933</size>
         <input_file_ref idref="fl-14b"/>
      </object_component>
      <object_component id="oc-a1">
         <name>.debug_info</name>
         <load_address>0xec68</load_address>
         <run_address>0xec68</run_address>
         <size>0x11a</size>
         <input_file_ref idref="fl-14a"/>
      </object_component>
      <object_component id="oc-a4">
         <name>.debug_info</name>
         <load_address>0xed82</load_address>
         <run_address>0xed82</run_address>
         <size>0x22a</size>
         <input_file_ref idref="fl-14a"/>
      </object_component>
      <object_component id="oc-a5">
         <name>.debug_info</name>
         <load_address>0xefac</load_address>
         <run_address>0xefac</run_address>
         <size>0x4e</size>
         <input_file_ref idref="fl-2"/>
      </object_component>
      <object_component id="oc-b0">
         <name>.debug_info</name>
         <load_address>0xeffa</load_address>
         <run_address>0xeffa</run_address>
         <size>0xba</size>
         <input_file_ref idref="fl-2"/>
      </object_component>
      <object_component id="oc-b8">
         <name>.debug_info</name>
         <load_address>0xf0b4</load_address>
         <run_address>0xf0b4</run_address>
         <size>0x136</size>
         <input_file_ref idref="fl-142"/>
      </object_component>
      <object_component id="oc-bd">
         <name>.debug_info</name>
         <load_address>0xf1ea</load_address>
         <run_address>0xf1ea</run_address>
         <size>0x149</size>
         <input_file_ref idref="fl-13f"/>
      </object_component>
      <object_component id="oc-c1">
         <name>.debug_info</name>
         <load_address>0xf333</load_address>
         <run_address>0xf333</run_address>
         <size>0x10f</size>
         <input_file_ref idref="fl-150"/>
      </object_component>
      <object_component id="oc-c4">
         <name>.debug_info</name>
         <load_address>0xf442</load_address>
         <run_address>0xf442</run_address>
         <size>0x62</size>
         <input_file_ref idref="fl-2"/>
      </object_component>
      <object_component id="oc-cb">
         <name>.debug_info</name>
         <load_address>0xf4a4</load_address>
         <run_address>0xf4a4</run_address>
         <size>0x8f1</size>
         <input_file_ref idref="fl-152"/>
      </object_component>
      <object_component id="oc-d1">
         <name>.debug_info</name>
         <load_address>0xfd95</load_address>
         <run_address>0xfd95</run_address>
         <size>0x28a</size>
         <input_file_ref idref="fl-151"/>
      </object_component>
      <object_component id="oc-d9">
         <name>.debug_info</name>
         <load_address>0x1001f</load_address>
         <run_address>0x1001f</run_address>
         <size>0x117</size>
         <input_file_ref idref="fl-149"/>
      </object_component>
      <object_component id="oc-de">
         <name>.debug_info</name>
         <load_address>0x10136</load_address>
         <run_address>0x10136</run_address>
         <size>0x9b</size>
         <input_file_ref idref="fl-145"/>
      </object_component>
      <object_component id="oc-e1">
         <name>.debug_info</name>
         <load_address>0x101d1</load_address>
         <run_address>0x101d1</run_address>
         <size>0x111</size>
         <input_file_ref idref="fl-14e"/>
      </object_component>
      <object_component id="oc-e3">
         <name>.debug_info</name>
         <load_address>0x102e2</load_address>
         <run_address>0x102e2</run_address>
         <size>0x22e4</size>
         <input_file_ref idref="fl-14f"/>
      </object_component>
      <object_component id="oc-e9">
         <name>.debug_info</name>
         <load_address>0x125c6</load_address>
         <run_address>0x125c6</run_address>
         <size>0x32f1</size>
         <input_file_ref idref="fl-b"/>
      </object_component>
      <object_component id="oc-f0">
         <name>.debug_info</name>
         <load_address>0x158b7</load_address>
         <run_address>0x158b7</run_address>
         <size>0x1339</size>
         <input_file_ref idref="fl-14d"/>
      </object_component>
      <object_component id="oc-f5">
         <name>.debug_info</name>
         <load_address>0x16bf0</load_address>
         <run_address>0x16bf0</run_address>
         <size>0x274</size>
         <input_file_ref idref="fl-3"/>
      </object_component>
      <object_component id="oc-f8">
         <name>.debug_info</name>
         <load_address>0x16e64</load_address>
         <run_address>0x16e64</run_address>
         <size>0x144</size>
         <input_file_ref idref="fl-3"/>
      </object_component>
      <object_component id="oc-fb">
         <name>.debug_info</name>
         <load_address>0x16fa8</load_address>
         <run_address>0x16fa8</run_address>
         <size>0x9e5</size>
         <input_file_ref idref="fl-14c"/>
      </object_component>
      <object_component id="oc-101">
         <name>.debug_info</name>
         <load_address>0x1798d</load_address>
         <run_address>0x1798d</run_address>
         <size>0x140</size>
         <input_file_ref idref="fl-3"/>
      </object_component>
      <object_component id="oc-104">
         <name>.debug_info</name>
         <load_address>0x17acd</load_address>
         <run_address>0x17acd</run_address>
         <size>0x143</size>
         <input_file_ref idref="fl-3"/>
      </object_component>
      <object_component id="oc-107">
         <name>.debug_info</name>
         <load_address>0x17c10</load_address>
         <run_address>0x17c10</run_address>
         <size>0x3e6</size>
         <input_file_ref idref="fl-a"/>
      </object_component>
      <object_component id="oc-10b">
         <name>.debug_info</name>
         <load_address>0x17ff6</load_address>
         <run_address>0x17ff6</run_address>
         <size>0x14d</size>
         <input_file_ref idref="fl-3"/>
      </object_component>
      <object_component id="oc-10e">
         <name>.debug_info</name>
         <load_address>0x18143</load_address>
         <run_address>0x18143</run_address>
         <size>0x145</size>
         <input_file_ref idref="fl-3"/>
      </object_component>
      <object_component id="oc-111">
         <name>.debug_info</name>
         <load_address>0x18288</load_address>
         <run_address>0x18288</run_address>
         <size>0x74b</size>
         <input_file_ref idref="fl-3"/>
      </object_component>
      <object_component id="oc-112">
         <name>.debug_info</name>
         <load_address>0x189d3</load_address>
         <run_address>0x189d3</run_address>
         <size>0x456</size>
         <input_file_ref idref="fl-3"/>
      </object_component>
      <object_component id="oc-117">
         <name>.debug_info</name>
         <load_address>0x18e29</load_address>
         <run_address>0x18e29</run_address>
         <size>0x62</size>
         <input_file_ref idref="fl-2"/>
      </object_component>
      <object_component id="oc-120">
         <name>.debug_info</name>
         <load_address>0x18e8b</load_address>
         <run_address>0x18e8b</run_address>
         <size>0x8a</size>
         <input_file_ref idref="fl-6"/>
      </object_component>
      <object_component id="oc-126">
         <name>.debug_info</name>
         <load_address>0x18f15</load_address>
         <run_address>0x18f15</run_address>
         <size>0x6875</size>
         <input_file_ref idref="fl-159"/>
      </object_component>
      <object_component id="oc-12c">
         <name>.debug_info</name>
         <load_address>0x1f78a</load_address>
         <run_address>0x1f78a</run_address>
         <size>0x4ba</size>
         <input_file_ref idref="fl-157"/>
      </object_component>
      <object_component id="oc-135">
         <name>.debug_info</name>
         <load_address>0x1fc44</load_address>
         <run_address>0x1fc44</run_address>
         <size>0x104</size>
         <input_file_ref idref="fl-14b"/>
      </object_component>
      <object_component id="oc-13b">
         <name>.debug_info</name>
         <load_address>0x1fd48</load_address>
         <run_address>0x1fd48</run_address>
         <size>0x1a7</size>
         <input_file_ref idref="fl-2"/>
      </object_component>
      <object_component id="oc-13f">
         <name>.debug_info</name>
         <load_address>0x1feef</load_address>
         <run_address>0x1feef</run_address>
         <size>0x2c</size>
         <input_file_ref idref="fl-3"/>
      </object_component>
      <object_component id="oc-144">
         <name>.debug_info</name>
         <load_address>0x1ff1b</load_address>
         <run_address>0x1ff1b</run_address>
         <size>0xcd</size>
         <input_file_ref idref="fl-13f"/>
      </object_component>
      <object_component id="oc-14b">
         <name>.debug_info</name>
         <load_address>0x1ffe8</load_address>
         <run_address>0x1ffe8</run_address>
         <size>0x8a</size>
         <input_file_ref idref="fl-6"/>
      </object_component>
      <object_component id="oc-151">
         <name>.debug_info</name>
         <load_address>0x20072</load_address>
         <run_address>0x20072</run_address>
         <size>0x55e</size>
         <input_file_ref idref="fl-152"/>
      </object_component>
      <object_component id="oc-153">
         <name>.debug_info</name>
         <load_address>0x205d0</load_address>
         <run_address>0x205d0</run_address>
         <size>0x1b1</size>
         <input_file_ref idref="fl-158"/>
      </object_component>
      <object_component id="oc-159">
         <name>.debug_info</name>
         <load_address>0x20781</load_address>
         <run_address>0x20781</run_address>
         <size>0x1cd</size>
         <input_file_ref idref="fl-151"/>
      </object_component>
      <object_component id="oc-160">
         <name>.debug_info</name>
         <load_address>0x2094e</load_address>
         <run_address>0x2094e</run_address>
         <size>0x76</size>
         <input_file_ref idref="fl-6"/>
      </object_component>
      <object_component id="oc-166">
         <name>.debug_info</name>
         <load_address>0x209c4</load_address>
         <run_address>0x209c4</run_address>
         <size>0x129</size>
         <input_file_ref idref="fl-14f"/>
      </object_component>
      <object_component id="oc-168">
         <name>.debug_info</name>
         <load_address>0x20aed</load_address>
         <run_address>0x20aed</run_address>
         <size>0x926</size>
         <input_file_ref idref="fl-a"/>
      </object_component>
      <object_component id="oc-16e">
         <name>.debug_info</name>
         <load_address>0x21413</load_address>
         <run_address>0x21413</run_address>
         <size>0x1a1</size>
         <input_file_ref idref="fl-141"/>
      </object_component>
      <object_component id="oc-174">
         <name>.debug_info</name>
         <load_address>0x215b4</load_address>
         <run_address>0x215b4</run_address>
         <size>0x3d7</size>
         <input_file_ref idref="fl-b"/>
      </object_component>
      <object_component id="oc-178">
         <name>.debug_info</name>
         <load_address>0x2198b</load_address>
         <run_address>0x2198b</run_address>
         <size>0xd7</size>
         <input_file_ref idref="fl-3"/>
      </object_component>
      <object_component id="oc-17d">
         <name>.debug_info</name>
         <load_address>0x21a62</load_address>
         <run_address>0x21a62</run_address>
         <size>0x70</size>
         <input_file_ref idref="fl-a"/>
      </object_component>
      <object_component id="oc-183">
         <name>.debug_info</name>
         <load_address>0x21ad2</load_address>
         <run_address>0x21ad2</run_address>
         <size>0xd99</size>
         <input_file_ref idref="fl-7"/>
      </object_component>
      <object_component id="oc-189">
         <name>.debug_info</name>
         <load_address>0x2286b</load_address>
         <run_address>0x2286b</run_address>
         <size>0x128</size>
         <input_file_ref idref="fl-14d"/>
      </object_component>
      <object_component id="oc-18c">
         <name>.debug_info</name>
         <load_address>0x22993</load_address>
         <run_address>0x22993</run_address>
         <size>0x2d6</size>
         <input_file_ref idref="fl-14d"/>
      </object_component>
      <object_component id="oc-18d">
         <name>.debug_info</name>
         <load_address>0x22c69</load_address>
         <run_address>0x22c69</run_address>
         <size>0x390</size>
         <input_file_ref idref="fl-3"/>
      </object_component>
      <object_component id="oc-197">
         <name>.debug_info</name>
         <load_address>0x22ff9</load_address>
         <run_address>0x22ff9</run_address>
         <size>0x636</size>
         <input_file_ref idref="fl-14c"/>
      </object_component>
      <object_component id="oc-19e">
         <name>.debug_info</name>
         <load_address>0x2362f</load_address>
         <run_address>0x2362f</run_address>
         <size>0x83</size>
         <input_file_ref idref="fl-a"/>
      </object_component>
      <object_component id="oc-1a9">
         <name>.debug_info</name>
         <load_address>0x236b2</load_address>
         <run_address>0x236b2</run_address>
         <size>0xaf</size>
         <input_file_ref idref="fl-3"/>
      </object_component>
      <object_component id="oc-1af">
         <name>.debug_info</name>
         <load_address>0x23761</load_address>
         <run_address>0x23761</run_address>
         <size>0x11c</size>
         <input_file_ref idref="fl-159"/>
      </object_component>
      <object_component id="oc-1b8">
         <name>.debug_info</name>
         <load_address>0x2387d</load_address>
         <run_address>0x2387d</run_address>
         <size>0xa1</size>
         <input_file_ref idref="fl-158"/>
      </object_component>
      <object_component id="oc-1bb">
         <name>.debug_info</name>
         <load_address>0x2391e</load_address>
         <run_address>0x2391e</run_address>
         <size>0xba</size>
         <input_file_ref idref="fl-151"/>
      </object_component>
      <object_component id="oc-1c2">
         <name>.debug_info</name>
         <load_address>0x239d8</load_address>
         <run_address>0x239d8</run_address>
         <size>0xb6</size>
         <input_file_ref idref="fl-3"/>
      </object_component>
      <object_component id="oc-1cb">
         <name>.debug_info</name>
         <load_address>0x23a8e</load_address>
         <run_address>0x23a8e</run_address>
         <size>0xab</size>
         <input_file_ref idref="fl-141"/>
      </object_component>
      <object_component id="oc-1cf">
         <name>.debug_info</name>
         <load_address>0x23b39</load_address>
         <run_address>0x23b39</run_address>
         <size>0x2b7</size>
         <input_file_ref idref="fl-8"/>
      </object_component>
      <object_component id="oc-1da">
         <name>.debug_info</name>
         <load_address>0x23df0</load_address>
         <run_address>0x23df0</run_address>
         <size>0x256</size>
         <input_file_ref idref="fl-14c"/>
      </object_component>
      <object_component id="oc-1fe">
         <name>.debug_info</name>
         <load_address>0x24046</load_address>
         <run_address>0x24046</run_address>
         <size>0xdb</size>
      </object_component>
      <object_component id="oc-b">
         <name>.debug_aranges</name>
         <load_address>0x0</load_address>
         <run_address>0x0</run_address>
         <size>0x20</size>
         <input_file_ref idref="fl-4"/>
      </object_component>
      <object_component id="oc-11">
         <name>.debug_aranges</name>
         <load_address>0x20</load_address>
         <run_address>0x20</run_address>
         <size>0x28</size>
         <input_file_ref idref="fl-5"/>
      </object_component>
      <object_component id="oc-17">
         <name>.debug_aranges</name>
         <load_address>0x48</load_address>
         <run_address>0x48</run_address>
         <size>0x28</size>
         <input_file_ref idref="fl-13d"/>
      </object_component>
      <object_component id="oc-1d">
         <name>.debug_aranges</name>
         <load_address>0x70</load_address>
         <run_address>0x70</run_address>
         <size>0x100</size>
         <input_file_ref idref="fl-6"/>
      </object_component>
      <object_component id="oc-23">
         <name>.debug_aranges</name>
         <load_address>0x170</load_address>
         <run_address>0x170</run_address>
         <size>0x88</size>
         <input_file_ref idref="fl-14a"/>
      </object_component>
      <object_component id="oc-29">
         <name>.debug_aranges</name>
         <load_address>0x1f8</load_address>
         <run_address>0x1f8</run_address>
         <size>0x28</size>
         <input_file_ref idref="fl-2"/>
      </object_component>
      <object_component id="oc-3e">
         <name>.debug_aranges</name>
         <load_address>0x220</load_address>
         <run_address>0x220</run_address>
         <size>0x20</size>
         <input_file_ref idref="fl-13f"/>
      </object_component>
      <object_component id="oc-45">
         <name>.debug_aranges</name>
         <load_address>0x240</load_address>
         <run_address>0x240</run_address>
         <size>0x28</size>
         <input_file_ref idref="fl-9"/>
      </object_component>
      <object_component id="oc-4b">
         <name>.debug_aranges</name>
         <load_address>0x268</load_address>
         <run_address>0x268</run_address>
         <size>0x30</size>
         <input_file_ref idref="fl-155"/>
      </object_component>
      <object_component id="oc-51">
         <name>.debug_aranges</name>
         <load_address>0x298</load_address>
         <run_address>0x298</run_address>
         <size>0x180</size>
         <input_file_ref idref="fl-150"/>
      </object_component>
      <object_component id="oc-5a">
         <name>.debug_aranges</name>
         <load_address>0x418</load_address>
         <run_address>0x418</run_address>
         <size>0x28</size>
         <input_file_ref idref="fl-154"/>
      </object_component>
      <object_component id="oc-60">
         <name>.debug_aranges</name>
         <load_address>0x440</load_address>
         <run_address>0x440</run_address>
         <size>0x38</size>
         <input_file_ref idref="fl-149"/>
      </object_component>
      <object_component id="oc-66">
         <name>.debug_aranges</name>
         <load_address>0x478</load_address>
         <run_address>0x478</run_address>
         <size>0x20</size>
         <input_file_ref idref="fl-145"/>
      </object_component>
      <object_component id="oc-6c">
         <name>.debug_aranges</name>
         <load_address>0x498</load_address>
         <run_address>0x498</run_address>
         <size>0x50</size>
         <input_file_ref idref="fl-153"/>
      </object_component>
      <object_component id="oc-72">
         <name>.debug_aranges</name>
         <load_address>0x4e8</load_address>
         <run_address>0x4e8</run_address>
         <size>0x100</size>
         <input_file_ref idref="fl-14e"/>
      </object_component>
      <object_component id="oc-78">
         <name>.debug_aranges</name>
         <load_address>0x5e8</load_address>
         <run_address>0x5e8</run_address>
         <size>0x58</size>
         <input_file_ref idref="fl-3"/>
      </object_component>
      <object_component id="oc-8c">
         <name>.debug_aranges</name>
         <load_address>0x640</load_address>
         <run_address>0x640</run_address>
         <size>0x48</size>
         <input_file_ref idref="fl-156"/>
      </object_component>
      <object_component id="oc-92">
         <name>.debug_aranges</name>
         <load_address>0x688</load_address>
         <run_address>0x688</run_address>
         <size>0x28</size>
         <input_file_ref idref="fl-143"/>
      </object_component>
      <object_component id="oc-97">
         <name>.debug_aranges</name>
         <load_address>0x6b0</load_address>
         <run_address>0x6b0</run_address>
         <size>0x28</size>
         <input_file_ref idref="fl-146"/>
      </object_component>
      <object_component id="oc-9c">
         <name>.debug_aranges</name>
         <load_address>0x6d8</load_address>
         <run_address>0x6d8</run_address>
         <size>0x48</size>
         <input_file_ref idref="fl-14b"/>
      </object_component>
      <object_component id="oc-b9">
         <name>.debug_aranges</name>
         <load_address>0x720</load_address>
         <run_address>0x720</run_address>
         <size>0x20</size>
         <input_file_ref idref="fl-142"/>
      </object_component>
      <object_component id="oc-cc">
         <name>.debug_aranges</name>
         <load_address>0x740</load_address>
         <run_address>0x740</run_address>
         <size>0x40</size>
         <input_file_ref idref="fl-152"/>
      </object_component>
      <object_component id="oc-d2">
         <name>.debug_aranges</name>
         <load_address>0x780</load_address>
         <run_address>0x780</run_address>
         <size>0x20</size>
         <input_file_ref idref="fl-151"/>
      </object_component>
      <object_component id="oc-e4">
         <name>.debug_aranges</name>
         <load_address>0x7a0</load_address>
         <run_address>0x7a0</run_address>
         <size>0xf8</size>
         <input_file_ref idref="fl-14f"/>
      </object_component>
      <object_component id="oc-ea">
         <name>.debug_aranges</name>
         <load_address>0x898</load_address>
         <run_address>0x898</run_address>
         <size>0x108</size>
         <input_file_ref idref="fl-b"/>
      </object_component>
      <object_component id="oc-f1">
         <name>.debug_aranges</name>
         <load_address>0x9a0</load_address>
         <run_address>0x9a0</run_address>
         <size>0x80</size>
         <input_file_ref idref="fl-14d"/>
      </object_component>
      <object_component id="oc-fc">
         <name>.debug_aranges</name>
         <load_address>0xa20</load_address>
         <run_address>0xa20</run_address>
         <size>0x48</size>
         <input_file_ref idref="fl-14c"/>
      </object_component>
      <object_component id="oc-127">
         <name>.debug_aranges</name>
         <load_address>0xa68</load_address>
         <run_address>0xa68</run_address>
         <size>0x268</size>
         <input_file_ref idref="fl-159"/>
      </object_component>
      <object_component id="oc-12d">
         <name>.debug_aranges</name>
         <load_address>0xcd0</load_address>
         <run_address>0xcd0</run_address>
         <size>0x38</size>
         <input_file_ref idref="fl-157"/>
      </object_component>
      <object_component id="oc-154">
         <name>.debug_aranges</name>
         <load_address>0xd08</load_address>
         <run_address>0xd08</run_address>
         <size>0x20</size>
         <input_file_ref idref="fl-158"/>
      </object_component>
      <object_component id="oc-169">
         <name>.debug_aranges</name>
         <load_address>0xd28</load_address>
         <run_address>0xd28</run_address>
         <size>0x48</size>
         <input_file_ref idref="fl-a"/>
      </object_component>
      <object_component id="oc-16f">
         <name>.debug_aranges</name>
         <load_address>0xd70</load_address>
         <run_address>0xd70</run_address>
         <size>0x20</size>
         <input_file_ref idref="fl-141"/>
      </object_component>
      <object_component id="oc-184">
         <name>.debug_aranges</name>
         <load_address>0xd90</load_address>
         <run_address>0xd90</run_address>
         <size>0x68</size>
         <input_file_ref idref="fl-7"/>
      </object_component>
      <object_component id="oc-1d0">
         <name>.debug_aranges</name>
         <load_address>0xdf8</load_address>
         <run_address>0xdf8</run_address>
         <size>0x20</size>
         <input_file_ref idref="fl-8"/>
      </object_component>
      <object_component id="oc-c">
         <name>.debug_pubnames</name>
         <load_address>0x0</load_address>
         <run_address>0x0</run_address>
         <size>0x72</size>
         <input_file_ref idref="fl-4"/>
      </object_component>
      <object_component id="oc-12">
         <name>.debug_pubnames</name>
         <load_address>0x72</load_address>
         <run_address>0x72</run_address>
         <size>0x29</size>
         <input_file_ref idref="fl-5"/>
      </object_component>
      <object_component id="oc-18">
         <name>.debug_pubnames</name>
         <load_address>0x9b</load_address>
         <run_address>0x9b</run_address>
         <size>0x37</size>
         <input_file_ref idref="fl-13d"/>
      </object_component>
      <object_component id="oc-1e">
         <name>.debug_pubnames</name>
         <load_address>0xd2</load_address>
         <run_address>0xd2</run_address>
         <size>0x23b</size>
         <input_file_ref idref="fl-6"/>
      </object_component>
      <object_component id="oc-24">
         <name>.debug_pubnames</name>
         <load_address>0x30d</load_address>
         <run_address>0x30d</run_address>
         <size>0xe6</size>
         <input_file_ref idref="fl-14a"/>
      </object_component>
      <object_component id="oc-2a">
         <name>.debug_pubnames</name>
         <load_address>0x3f3</load_address>
         <run_address>0x3f3</run_address>
         <size>0x32</size>
         <input_file_ref idref="fl-2"/>
      </object_component>
      <object_component id="oc-2f">
         <name>.debug_pubnames</name>
         <load_address>0x425</load_address>
         <run_address>0x425</run_address>
         <size>0x34</size>
         <input_file_ref idref="fl-6"/>
      </object_component>
      <object_component id="oc-32">
         <name>.debug_pubnames</name>
         <load_address>0x459</load_address>
         <run_address>0x459</run_address>
         <size>0x1f</size>
         <input_file_ref idref="fl-5"/>
      </object_component>
      <object_component id="oc-35">
         <name>.debug_pubnames</name>
         <load_address>0x478</load_address>
         <run_address>0x478</run_address>
         <size>0x33</size>
         <input_file_ref idref="fl-5"/>
      </object_component>
      <object_component id="oc-3f">
         <name>.debug_pubnames</name>
         <load_address>0x4ab</load_address>
         <run_address>0x4ab</run_address>
         <size>0x1e</size>
         <input_file_ref idref="fl-13f"/>
      </object_component>
      <object_component id="oc-46">
         <name>.debug_pubnames</name>
         <load_address>0x4c9</load_address>
         <run_address>0x4c9</run_address>
         <size>0x3f</size>
         <input_file_ref idref="fl-9"/>
      </object_component>
      <object_component id="oc-4c">
         <name>.debug_pubnames</name>
         <load_address>0x508</load_address>
         <run_address>0x508</run_address>
         <size>0x55</size>
         <input_file_ref idref="fl-155"/>
      </object_component>
      <object_component id="oc-52">
         <name>.debug_pubnames</name>
         <load_address>0x55d</load_address>
         <run_address>0x55d</run_address>
         <size>0x418</size>
         <input_file_ref idref="fl-150"/>
      </object_component>
      <object_component id="oc-57">
         <name>.debug_pubnames</name>
         <load_address>0x975</load_address>
         <run_address>0x975</run_address>
         <size>0x89</size>
         <input_file_ref idref="fl-6"/>
      </object_component>
      <object_component id="oc-5b">
         <name>.debug_pubnames</name>
         <load_address>0x9fe</load_address>
         <run_address>0x9fe</run_address>
         <size>0x44</size>
         <input_file_ref idref="fl-154"/>
      </object_component>
      <object_component id="oc-61">
         <name>.debug_pubnames</name>
         <load_address>0xa42</load_address>
         <run_address>0xa42</run_address>
         <size>0x58</size>
         <input_file_ref idref="fl-149"/>
      </object_component>
      <object_component id="oc-67">
         <name>.debug_pubnames</name>
         <load_address>0xa9a</load_address>
         <run_address>0xa9a</run_address>
         <size>0x1d</size>
         <input_file_ref idref="fl-145"/>
      </object_component>
      <object_component id="oc-6d">
         <name>.debug_pubnames</name>
         <load_address>0xab7</load_address>
         <run_address>0xab7</run_address>
         <size>0xb9</size>
         <input_file_ref idref="fl-153"/>
      </object_component>
      <object_component id="oc-73">
         <name>.debug_pubnames</name>
         <load_address>0xb70</load_address>
         <run_address>0xb70</run_address>
         <size>0x2ab</size>
         <input_file_ref idref="fl-14e"/>
      </object_component>
      <object_component id="oc-79">
         <name>.debug_pubnames</name>
         <load_address>0xe1b</load_address>
         <run_address>0xe1b</run_address>
         <size>0xc0</size>
         <input_file_ref idref="fl-3"/>
      </object_component>
      <object_component id="oc-7e">
         <name>.debug_pubnames</name>
         <load_address>0xedb</load_address>
         <run_address>0xedb</run_address>
         <size>0x1f</size>
         <input_file_ref idref="fl-6"/>
      </object_component>
      <object_component id="oc-88">
         <name>.debug_pubnames</name>
         <load_address>0xefa</load_address>
         <run_address>0xefa</run_address>
         <size>0x3f</size>
         <input_file_ref idref="fl-149"/>
      </object_component>
      <object_component id="oc-8d">
         <name>.debug_pubnames</name>
         <load_address>0xf39</load_address>
         <run_address>0xf39</run_address>
         <size>0x90</size>
         <input_file_ref idref="fl-156"/>
      </object_component>
      <object_component id="oc-93">
         <name>.debug_pubnames</name>
         <load_address>0xfc9</load_address>
         <run_address>0xfc9</run_address>
         <size>0x37</size>
         <input_file_ref idref="fl-143"/>
      </object_component>
      <object_component id="oc-98">
         <name>.debug_pubnames</name>
         <load_address>0x1000</load_address>
         <run_address>0x1000</run_address>
         <size>0x39</size>
         <input_file_ref idref="fl-146"/>
      </object_component>
      <object_component id="oc-9d">
         <name>.debug_pubnames</name>
         <load_address>0x1039</load_address>
         <run_address>0x1039</run_address>
         <size>0x74</size>
         <input_file_ref idref="fl-14b"/>
      </object_component>
      <object_component id="oc-a2">
         <name>.debug_pubnames</name>
         <load_address>0x10ad</load_address>
         <run_address>0x10ad</run_address>
         <size>0x1e</size>
         <input_file_ref idref="fl-14a"/>
      </object_component>
      <object_component id="oc-ba">
         <name>.debug_pubnames</name>
         <load_address>0x10cb</load_address>
         <run_address>0x10cb</run_address>
         <size>0x1d</size>
         <input_file_ref idref="fl-142"/>
      </object_component>
      <object_component id="oc-cd">
         <name>.debug_pubnames</name>
         <load_address>0x10e8</load_address>
         <run_address>0x10e8</run_address>
         <size>0x68</size>
         <input_file_ref idref="fl-152"/>
      </object_component>
      <object_component id="oc-d3">
         <name>.debug_pubnames</name>
         <load_address>0x1150</load_address>
         <run_address>0x1150</run_address>
         <size>0x25</size>
         <input_file_ref idref="fl-151"/>
      </object_component>
      <object_component id="oc-da">
         <name>.debug_pubnames</name>
         <load_address>0x1175</load_address>
         <run_address>0x1175</run_address>
         <size>0x1e</size>
         <input_file_ref idref="fl-149"/>
      </object_component>
      <object_component id="oc-e5">
         <name>.debug_pubnames</name>
         <load_address>0x1193</load_address>
         <run_address>0x1193</run_address>
         <size>0x2b7</size>
         <input_file_ref idref="fl-14f"/>
      </object_component>
      <object_component id="oc-eb">
         <name>.debug_pubnames</name>
         <load_address>0x144a</load_address>
         <run_address>0x144a</run_address>
         <size>0x1b6</size>
         <input_file_ref idref="fl-b"/>
      </object_component>
      <object_component id="oc-f2">
         <name>.debug_pubnames</name>
         <load_address>0x1600</load_address>
         <run_address>0x1600</run_address>
         <size>0x118</size>
         <input_file_ref idref="fl-14d"/>
      </object_component>
      <object_component id="oc-f6">
         <name>.debug_pubnames</name>
         <load_address>0x1718</load_address>
         <run_address>0x1718</run_address>
         <size>0x9b</size>
         <input_file_ref idref="fl-3"/>
      </object_component>
      <object_component id="oc-f9">
         <name>.debug_pubnames</name>
         <load_address>0x17b3</load_address>
         <run_address>0x17b3</run_address>
         <size>0x1f</size>
         <input_file_ref idref="fl-3"/>
      </object_component>
      <object_component id="oc-fd">
         <name>.debug_pubnames</name>
         <load_address>0x17d2</load_address>
         <run_address>0x17d2</run_address>
         <size>0x9e</size>
         <input_file_ref idref="fl-14c"/>
      </object_component>
      <object_component id="oc-102">
         <name>.debug_pubnames</name>
         <load_address>0x1870</load_address>
         <run_address>0x1870</run_address>
         <size>0x1d</size>
         <input_file_ref idref="fl-3"/>
      </object_component>
      <object_component id="oc-105">
         <name>.debug_pubnames</name>
         <load_address>0x188d</load_address>
         <run_address>0x188d</run_address>
         <size>0x1f</size>
         <input_file_ref idref="fl-3"/>
      </object_component>
      <object_component id="oc-108">
         <name>.debug_pubnames</name>
         <load_address>0x18ac</load_address>
         <run_address>0x18ac</run_address>
         <size>0x22</size>
         <input_file_ref idref="fl-a"/>
      </object_component>
      <object_component id="oc-10c">
         <name>.debug_pubnames</name>
         <load_address>0x18ce</load_address>
         <run_address>0x18ce</run_address>
         <size>0x24</size>
         <input_file_ref idref="fl-3"/>
      </object_component>
      <object_component id="oc-10f">
         <name>.debug_pubnames</name>
         <load_address>0x18f2</load_address>
         <run_address>0x18f2</run_address>
         <size>0x20</size>
         <input_file_ref idref="fl-3"/>
      </object_component>
      <object_component id="oc-128">
         <name>.debug_pubnames</name>
         <load_address>0x1912</load_address>
         <run_address>0x1912</run_address>
         <size>0x779</size>
         <input_file_ref idref="fl-159"/>
      </object_component>
      <object_component id="oc-12e">
         <name>.debug_pubnames</name>
         <load_address>0x208b</load_address>
         <run_address>0x208b</run_address>
         <size>0x71</size>
         <input_file_ref idref="fl-157"/>
      </object_component>
      <object_component id="oc-155">
         <name>.debug_pubnames</name>
         <load_address>0x20fc</load_address>
         <run_address>0x20fc</run_address>
         <size>0x1e</size>
         <input_file_ref idref="fl-158"/>
      </object_component>
      <object_component id="oc-16a">
         <name>.debug_pubnames</name>
         <load_address>0x211a</load_address>
         <run_address>0x211a</run_address>
         <size>0x72</size>
         <input_file_ref idref="fl-a"/>
      </object_component>
      <object_component id="oc-170">
         <name>.debug_pubnames</name>
         <load_address>0x218c</load_address>
         <run_address>0x218c</run_address>
         <size>0x1d</size>
         <input_file_ref idref="fl-141"/>
      </object_component>
      <object_component id="oc-175">
         <name>.debug_pubnames</name>
         <load_address>0x21a9</load_address>
         <run_address>0x21a9</run_address>
         <size>0x25</size>
         <input_file_ref idref="fl-b"/>
      </object_component>
      <object_component id="oc-185">
         <name>.debug_pubnames</name>
         <load_address>0x21ce</load_address>
         <run_address>0x21ce</run_address>
         <size>0x10f</size>
         <input_file_ref idref="fl-7"/>
      </object_component>
      <object_component id="oc-18a">
         <name>.debug_pubnames</name>
         <load_address>0x22dd</load_address>
         <run_address>0x22dd</run_address>
         <size>0x21</size>
         <input_file_ref idref="fl-14d"/>
      </object_component>
      <object_component id="oc-1d1">
         <name>.debug_pubnames</name>
         <load_address>0x22fe</load_address>
         <run_address>0x22fe</run_address>
         <size>0x6e</size>
         <input_file_ref idref="fl-8"/>
      </object_component>
      <object_component id="oc-d">
         <name>.debug_line</name>
         <load_address>0x0</load_address>
         <run_address>0x0</run_address>
         <size>0xa0</size>
         <input_file_ref idref="fl-4"/>
      </object_component>
      <object_component id="oc-13">
         <name>.debug_line</name>
         <load_address>0xa0</load_address>
         <run_address>0xa0</run_address>
         <size>0xa2</size>
         <input_file_ref idref="fl-5"/>
      </object_component>
      <object_component id="oc-19">
         <name>.debug_line</name>
         <load_address>0x142</load_address>
         <run_address>0x142</run_address>
         <size>0x7d</size>
         <input_file_ref idref="fl-13d"/>
      </object_component>
      <object_component id="oc-1f">
         <name>.debug_line</name>
         <load_address>0x1bf</load_address>
         <run_address>0x1bf</run_address>
         <size>0x601</size>
         <input_file_ref idref="fl-6"/>
      </object_component>
      <object_component id="oc-25">
         <name>.debug_line</name>
         <load_address>0x7c0</load_address>
         <run_address>0x7c0</run_address>
         <size>0x694</size>
         <input_file_ref idref="fl-14a"/>
      </object_component>
      <object_component id="oc-2b">
         <name>.debug_line</name>
         <load_address>0xe54</load_address>
         <run_address>0xe54</run_address>
         <size>0x9e</size>
         <input_file_ref idref="fl-2"/>
      </object_component>
      <object_component id="oc-3a">
         <name>.debug_line</name>
         <load_address>0xef2</load_address>
         <run_address>0xef2</run_address>
         <size>0x20</size>
         <input_file_ref idref="fl-2"/>
      </object_component>
      <object_component id="oc-40">
         <name>.debug_line</name>
         <load_address>0xf12</load_address>
         <run_address>0xf12</run_address>
         <size>0x63</size>
         <input_file_ref idref="fl-13f"/>
      </object_component>
      <object_component id="oc-47">
         <name>.debug_line</name>
         <load_address>0xf75</load_address>
         <run_address>0xf75</run_address>
         <size>0xa7</size>
         <input_file_ref idref="fl-9"/>
      </object_component>
      <object_component id="oc-4d">
         <name>.debug_line</name>
         <load_address>0x101c</load_address>
         <run_address>0x101c</run_address>
         <size>0x196</size>
         <input_file_ref idref="fl-155"/>
      </object_component>
      <object_component id="oc-53">
         <name>.debug_line</name>
         <load_address>0x11b2</load_address>
         <run_address>0x11b2</run_address>
         <size>0x5ac</size>
         <input_file_ref idref="fl-150"/>
      </object_component>
      <object_component id="oc-5c">
         <name>.debug_line</name>
         <load_address>0x175e</load_address>
         <run_address>0x175e</run_address>
         <size>0xc4</size>
         <input_file_ref idref="fl-154"/>
      </object_component>
      <object_component id="oc-62">
         <name>.debug_line</name>
         <load_address>0x1822</load_address>
         <run_address>0x1822</run_address>
         <size>0xed</size>
         <input_file_ref idref="fl-149"/>
      </object_component>
      <object_component id="oc-68">
         <name>.debug_line</name>
         <load_address>0x190f</load_address>
         <run_address>0x190f</run_address>
         <size>0x5c</size>
         <input_file_ref idref="fl-145"/>
      </object_component>
      <object_component id="oc-6f">
         <name>.debug_line</name>
         <load_address>0x196b</load_address>
         <run_address>0x196b</run_address>
         <size>0x19e</size>
         <input_file_ref idref="fl-153"/>
      </object_component>
      <object_component id="oc-74">
         <name>.debug_line</name>
         <load_address>0x1b09</load_address>
         <run_address>0x1b09</run_address>
         <size>0x500</size>
         <input_file_ref idref="fl-14e"/>
      </object_component>
      <object_component id="oc-7a">
         <name>.debug_line</name>
         <load_address>0x2009</load_address>
         <run_address>0x2009</run_address>
         <size>0x22c</size>
         <input_file_ref idref="fl-3"/>
      </object_component>
      <object_component id="oc-8e">
         <name>.debug_line</name>
         <load_address>0x2235</load_address>
         <run_address>0x2235</run_address>
         <size>0x122</size>
         <input_file_ref idref="fl-156"/>
      </object_component>
      <object_component id="oc-94">
         <name>.debug_line</name>
         <load_address>0x2357</load_address>
         <run_address>0x2357</run_address>
         <size>0x73</size>
         <input_file_ref idref="fl-143"/>
      </object_component>
      <object_component id="oc-99">
         <name>.debug_line</name>
         <load_address>0x23ca</load_address>
         <run_address>0x23ca</run_address>
         <size>0x86</size>
         <input_file_ref idref="fl-146"/>
      </object_component>
      <object_component id="oc-9e">
         <name>.debug_line</name>
         <load_address>0x2450</load_address>
         <run_address>0x2450</run_address>
         <size>0x1ec</size>
         <input_file_ref idref="fl-14b"/>
      </object_component>
      <object_component id="oc-a8">
         <name>.debug_line</name>
         <load_address>0x263c</load_address>
         <run_address>0x263c</run_address>
         <size>0x6f</size>
         <input_file_ref idref="fl-2"/>
      </object_component>
      <object_component id="oc-ad">
         <name>.debug_line</name>
         <load_address>0x26ab</load_address>
         <run_address>0x26ab</run_address>
         <size>0x7b</size>
         <input_file_ref idref="fl-6"/>
      </object_component>
      <object_component id="oc-af">
         <name>.debug_line</name>
         <load_address>0x2726</load_address>
         <run_address>0x2726</run_address>
         <size>0x111</size>
         <input_file_ref idref="fl-5"/>
      </object_component>
      <object_component id="oc-b3">
         <name>.debug_line</name>
         <load_address>0x2837</load_address>
         <run_address>0x2837</run_address>
         <size>0x5b</size>
         <input_file_ref idref="fl-2"/>
      </object_component>
      <object_component id="oc-b6">
         <name>.debug_line</name>
         <load_address>0x2892</load_address>
         <run_address>0x2892</run_address>
         <size>0x69</size>
         <input_file_ref idref="fl-5"/>
      </object_component>
      <object_component id="oc-bb">
         <name>.debug_line</name>
         <load_address>0x28fb</load_address>
         <run_address>0x28fb</run_address>
         <size>0x9a</size>
         <input_file_ref idref="fl-142"/>
      </object_component>
      <object_component id="oc-c3">
         <name>.debug_line</name>
         <load_address>0x2995</load_address>
         <run_address>0x2995</run_address>
         <size>0x218</size>
         <input_file_ref idref="fl-6"/>
      </object_component>
      <object_component id="oc-c7">
         <name>.debug_line</name>
         <load_address>0x2bad</load_address>
         <run_address>0x2bad</run_address>
         <size>0x67</size>
         <input_file_ref idref="fl-2"/>
      </object_component>
      <object_component id="oc-ce">
         <name>.debug_line</name>
         <load_address>0x2c14</load_address>
         <run_address>0x2c14</run_address>
         <size>0x133</size>
         <input_file_ref idref="fl-152"/>
      </object_component>
      <object_component id="oc-d4">
         <name>.debug_line</name>
         <load_address>0x2d47</load_address>
         <run_address>0x2d47</run_address>
         <size>0x98</size>
         <input_file_ref idref="fl-151"/>
      </object_component>
      <object_component id="oc-e6">
         <name>.debug_line</name>
         <load_address>0x2ddf</load_address>
         <run_address>0x2ddf</run_address>
         <size>0x43c</size>
         <input_file_ref idref="fl-14f"/>
      </object_component>
      <object_component id="oc-ec">
         <name>.debug_line</name>
         <load_address>0x321b</load_address>
         <run_address>0x321b</run_address>
         <size>0xc20</size>
         <input_file_ref idref="fl-b"/>
      </object_component>
      <object_component id="oc-ef">
         <name>.debug_line</name>
         <load_address>0x3e3b</load_address>
         <run_address>0x3e3b</run_address>
         <size>0x366</size>
         <input_file_ref idref="fl-14d"/>
      </object_component>
      <object_component id="oc-fe">
         <name>.debug_line</name>
         <load_address>0x41a1</load_address>
         <run_address>0x41a1</run_address>
         <size>0x181</size>
         <input_file_ref idref="fl-14c"/>
      </object_component>
      <object_component id="oc-115">
         <name>.debug_line</name>
         <load_address>0x4322</load_address>
         <run_address>0x4322</run_address>
         <size>0x53</size>
         <input_file_ref idref="fl-3"/>
      </object_component>
      <object_component id="oc-11a">
         <name>.debug_line</name>
         <load_address>0x4375</load_address>
         <run_address>0x4375</run_address>
         <size>0x55</size>
         <input_file_ref idref="fl-2"/>
      </object_component>
      <object_component id="oc-11d">
         <name>.debug_line</name>
         <load_address>0x43ca</load_address>
         <run_address>0x43ca</run_address>
         <size>0x7b</size>
         <input_file_ref idref="fl-6"/>
      </object_component>
      <object_component id="oc-11f">
         <name>.debug_line</name>
         <load_address>0x4445</load_address>
         <run_address>0x4445</run_address>
         <size>0x80</size>
         <input_file_ref idref="fl-149"/>
      </object_component>
      <object_component id="oc-123">
         <name>.debug_line</name>
         <load_address>0x44c5</load_address>
         <run_address>0x44c5</run_address>
         <size>0x48</size>
         <input_file_ref idref="fl-6"/>
      </object_component>
      <object_component id="oc-129">
         <name>.debug_line</name>
         <load_address>0x450d</load_address>
         <run_address>0x450d</run_address>
         <size>0xa90</size>
         <input_file_ref idref="fl-159"/>
      </object_component>
      <object_component id="oc-12f">
         <name>.debug_line</name>
         <load_address>0x4f9d</load_address>
         <run_address>0x4f9d</run_address>
         <size>0x16f</size>
         <input_file_ref idref="fl-157"/>
      </object_component>
      <object_component id="oc-138">
         <name>.debug_line</name>
         <load_address>0x510c</load_address>
         <run_address>0x510c</run_address>
         <size>0x62</size>
         <input_file_ref idref="fl-14a"/>
      </object_component>
      <object_component id="oc-13a">
         <name>.debug_line</name>
         <load_address>0x516e</load_address>
         <run_address>0x516e</run_address>
[...]
         <value>0x402fa2f8</value>
         <object_component_ref idref="oc-4f"/>
      </symbol>
      <symbol id="sm-839">
         <name>I2CDMARxEventEnable</name>
         <value>0x402fa42c</value>
         <object_component_ref idref="oc-4f"/>
      </symbol>
      <symbol id="sm-83a">
         <name>I2CClockBlockingControl</name>
         <value>0x402fa5c4</value>
         <object_component_ref idref="oc-4f"/>
      </symbol>
      <symbol id="sm-83b">
         <name>I2CMasterIntClearEx</name>
         <value>0x402fa278</value>
         <object_component_ref idref="oc-4f"/>
      </symbol>
      <symbol id="sm-83c">
         <name>I2CMasterSlaveAddrSet</name>
         <value>0x402fa2b8</value>
         <object_component_ref idref="oc-4f"/>
      </symbol>
      <symbol id="sm-83d">
         <name>I2CMasterDataGet</name>
         <value>0x402fa99c</value>
         <object_component_ref idref="oc-4f"/>
      </symbol>
      <symbol id="sm-83e">
         <name>I2CWakeUpEnable</name>
         <value>0x402fa848</value>
         <object_component_ref idref="oc-4f"/>
      </symbol>
      <symbol id="sm-83f">
         <name>I2CMasterIntEnableEx</name>
         <value>0x402fa1b4</value>
         <object_component_ref idref="oc-4f"/>
      </symbol>
      <symbol id="sm-840">
         <name>I2CMasterErr</name>
         <value>0x402fa120</value>
         <object_component_ref idref="oc-4f"/>
      </symbol>
      <symbol id="sm-841">
         <name>I2CMasterStart</name>
         <value>0x402fa16c</value>
         <object_component_ref idref="oc-4f"/>
      </symbol>
      <symbol id="sm-842">
         <name>I2CMasterStop</name>
         <value>0x402fa190</value>
         <object_component_ref idref="oc-4f"/>
      </symbol>
      <symbol id="sm-843">
         <name>I2CMasterControl</name>
         <value>0x402fa148</value>
         <object_component_ref idref="oc-4f"/>
      </symbol>
      <symbol id="sm-844">
         <name>I2CMasterIntRawStatus</name>
         <value>0x402fa23c</value>
         <object_component_ref idref="oc-4f"/>
      </symbol>
      <symbol id="sm-845">
         <name>I2CMasterBusy</name>
         <value>0x402fa104</value>
         <object_component_ref idref="oc-4f"/>
      </symbol>
      <symbol id="sm-846">
         <name>I2CMasterEnable</name>
         <value>0x402fa084</value>
         <object_component_ref idref="oc-4f"/>
      </symbol>
      <symbol id="sm-847">
         <name>I2CMasterIntStatusEx</name>
         <value>0x402fa218</value>
         <object_component_ref idref="oc-4f"/>
      </symbol>
      <symbol id="sm-848">
         <name>I2CSystemStatusGet</name>
         <value>0x402fa960</value>
         <object_component_ref idref="oc-4f"/>
      </symbol>
      <symbol id="sm-849">
         <name>I2CContextSave</name>
         <value>0x402fa9bc</value>
         <object_component_ref idref="oc-4f"/>
      </symbol>
      <symbol id="sm-84a">
         <name>I2CMasterDisable</name>
         <value>0x402fa0a8</value>
         <object_component_ref idref="oc-4f"/>
      </symbol>
      <symbol id="sm-84b">
         <name>I2CGlobalWakeUpDisable</name>
         <value>0x402fa7a4</value>
         <object_component_ref idref="oc-4f"/>
      </symbol>
      <symbol id="sm-84c">
         <name>I2CIdleModeSelect</name>
         <value>0x402fa7c8</value>
         <object_component_ref idref="oc-4f"/>
      </symbol>
      <symbol id="sm-868">
         <name>BoardInfoCheck</name>
         <value>0x402fe390</value>
         <object_component_ref idref="oc-d0"/>
      </symbol>
      <symbol id="sm-889">
         <name>BoardInfoRead</name>
         <value>0x402fd764</value>
         <object_component_ref idref="oc-ca"/>
      </symbol>
      <symbol id="sm-88a">
         <name>EEPROMI2CRead</name>
         <value>0x402fd5e0</value>
         <object_component_ref idref="oc-ca"/>
      </symbol>
      <symbol id="sm-88b">
         <name>EEPROMI2CSetUp</name>
         <value>0x402fd578</value>
         <object_component_ref idref="oc-ca"/>
      </symbol>
      <symbol id="sm-8be">
         <name>GPIO2ModuleClkConfig</name>
         <value>0x402fd430</value>
         <object_component_ref idref="oc-6a"/>
      </symbol>
      <symbol id="sm-8bf">
         <name>GPIO1ModuleClkConfig</name>
         <value>0x402fd3c8</value>
         <object_component_ref idref="oc-6a"/>
      </symbol>
      <symbol id="sm-8c0">
         <name>GPIO1PinMuxSetup</name>
         <value>0x402fd500</value>
         <object_component_ref idref="oc-6a"/>
      </symbol>
      <symbol id="sm-8c1">
         <name>GPIO0ModuleClkConfig</name>
         <value>0x402fd310</value>
         <object_component_ref idref="oc-6a"/>
      </symbol>
      <symbol id="sm-8c2">
         <name>GpioPinMuxSetup</name>
         <value>0x402fd520</value>
         <object_component_ref idref="oc-6a"/>
      </symbol>
      <symbol id="sm-8c3">
         <name>GPIO1Pin23PinMuxSetup</name>
         <value>0x402fd300</value>
         <object_component_ref idref="oc-6a"/>
      </symbol>
      <symbol id="sm-8c4">
         <name>GPIO3ModuleClkConfig</name>
         <value>0x402fd498</value>
         <object_component_ref idref="oc-6a"/>
      </symbol>
      <symbol id="sm-8e7">
         <name>HSMMCSDPinMuxSetup</name>
         <value>0x402fd9b0</value>
         <object_component_ref idref="oc-58"/>
      </symbol>
      <symbol id="sm-8e8">
         <name>HSMMCSDModuleClkConfig</name>
         <value>0x402fda80</value>
         <object_component_ref idref="oc-58"/>
      </symbol>
      <symbol id="sm-92b">
         <name>I2CPinMuxSetup</name>
         <value>0x402fcbfc</value>
         <object_component_ref idref="oc-49"/>
      </symbol>
      <symbol id="sm-92c">
         <name>I2C1ModuleClkConfig</name>
         <value>0x402fcc58</value>
         <object_component_ref idref="oc-49"/>
      </symbol>
      <symbol id="sm-92d">
         <name>I2C0ModuleClkConfig</name>
         <value>0x402fcdc0</value>
         <object_component_ref idref="oc-49"/>
      </symbol>
      <symbol id="sm-944">
         <name>UARTConsoleGetc</name>
         <value>0x402fdddc</value>
         <object_component_ref idref="oc-8a"/>
      </symbol>
      <symbol id="sm-945">
         <name>UARTConsolePutc</name>
         <value>0x402fddc4</value>
         <object_component_ref idref="oc-8a"/>
      </symbol>
      <symbol id="sm-946">
         <name>UARTConsoleInit</name>
         <value>0x402fdda0</value>
         <object_component_ref idref="oc-8a"/>
      </symbol>
      <symbol id="sm-97e">
         <name>UART2ModuleClkConfig</name>
         <value>0x402fd288</value>
         <object_component_ref idref="oc-12b"/>
      </symbol>
      <symbol id="sm-97f">
         <name>UART0ModuleClkConfig</name>
         <value>0x402fd048</value>
         <object_component_ref idref="oc-12b"/>
      </symbol>
      <symbol id="sm-980">
         <name>UART1ModuleClkConfig</name>
         <value>0x402fd250</value>
         <object_component_ref idref="oc-12b"/>
      </symbol>
      <symbol id="sm-981">
         <name>UARTPinMuxSetup</name>
         <value>0x402fd014</value>
         <object_component_ref idref="oc-12b"/>
      </symbol>
      <symbol id="sm-990">
         <name>strncmp</name>
         <value>0x402fe520</value>
         <object_component_ref idref="oc-152"/>
      </symbol>
      <symbol id="sm-a09">
         <name>UARTAutobaudWordLenGet</name>
         <value>0x402f5690</value>
         <object_component_ref idref="oc-125"/>
      </symbol>
      <symbol id="sm-a0a">
         <name>UARTDivisorLatchDisable</name>
         <value>0x402f3dd0</value>
         <object_component_ref idref="oc-125"/>
      </symbol>
      <symbol id="sm-a0b">
         <name>UARTCharPutNonBlocking</name>
         <value>0x402f4b08</value>
         <object_component_ref idref="oc-125"/>
      </symbol>
      <symbol id="sm-a0c">
         <name>UARTDMAEnable</name>
         <value>0x402f436c</value>
         <object_component_ref idref="oc-125"/>
      </symbol>
      <symbol id="sm-a0d">
         <name>UARTXON1XOFF1ValProgram</name>
         <value>0x402f51f0</value>
         <object_component_ref idref="oc-125"/>
      </symbol>
      <symbol id="sm-a0e">
         <name>UARTScratchPadRegWrite</name>
         <value>0x402f5728</value>
         <object_component_ref idref="oc-125"/>
      </symbol>
      <symbol id="sm-a0f">
         <name>UARTPulseShapingControl</name>
         <value>0x402f505c</value>
         <object_component_ref idref="oc-125"/>
      </symbol>
      <symbol id="sm-a10">
         <name>UARTSubConfigXOFFModeEn</name>
         <value>0x402f4700</value>
         <object_component_ref idref="oc-125"/>
      </symbol>
      <symbol id="sm-a11">
         <name>UARTModemStatusChangeCheck</name>
         <value>0x402f53d4</value>
         <object_component_ref idref="oc-125"/>
      </symbol>
      <symbol id="sm-a12">
         <name>UARTFIFOTrigLvlGranControl</name>
         <value>0x402f5468</value>
         <object_component_ref idref="oc-125"/>
      </symbol>
      <symbol id="sm-a13">
         <name>UARTDivisorValCompute</name>
         <value>0x402f3b64</value>
         <object_component_ref idref="oc-125"/>
      </symbol>
      <symbol id="sm-a14">
         <name>UARTIntPendingStatusGet</name>
         <value>0x402f4e60</value>
         <object_component_ref idref="oc-125"/>
      </symbol>
      <symbol id="sm-a15">
         <name>UARTModuleReset</name>
         <value>0x402f50a0</value>
         <object_component_ref idref="oc-125"/>
      </symbol>
      <symbol id="sm-a16">
         <name>UARTAutobaudParityGet</name>
         <value>0x402f5644</value>
         <object_component_ref idref="oc-125"/>
      </symbol>
      <symbol id="sm-a17">
         <name>UARTTCRTLRBitValRestore</name>
         <value>0x402f47d8</value>
         <object_component_ref idref="oc-125"/>
      </symbol>
      <symbol id="sm-a18">
         <name>UARTIntIdentityGet</name>
         <value>0x402f4e14</value>
         <object_component_ref idref="oc-125"/>
      </symbol>
      <symbol id="sm-a19">
         <name>UARTCharGetTimeout</name>
         <value>0x402f4c3c</value>
         <object_component_ref idref="oc-125"/>
      </symbol>
      <symbol id="sm-a1a">
         <name>UARTEnhanFuncBitValRestore</name>
         <value>0x402f44ec</value>
         <object_component_ref idref="oc-125"/>
      </symbol>
      <symbol id="sm-a1b">
         <name>UARTModemControlSet</name>
         <value>0x402f5358</value>
         <object_component_ref idref="oc-125"/>
      </symbol>
      <symbol id="sm-a1c">
         <name>UARTSubConfigTCRTLRModeEn</name>
         <value>0x402f4628</value>
         <object_component_ref idref="oc-125"/>
      </symbol>
      <symbol id="sm-a1d">
         <name>UARTLoopbackModeControl</name>
         <value>0x402f5314</value>
         <object_component_ref idref="oc-125"/>
      </symbol>
      <symbol id="sm-a1e">
         <name>UARTIdleModeConfigure</name>
         <value>0x402f50d4</value>
         <object_component_ref idref="oc-125"/>
      </symbol>
      <symbol id="sm-a1f">
         <name>UARTDivisorLatchEnable</name>
         <value>0x402f3dac</value>
         <object_component_ref idref="oc-125"/>
      </symbol>
      <symbol id="sm-a20">
         <name>UARTFIFOCharGet</name>
         <value>0x402f4d40</value>
         <object_component_ref idref="oc-125"/>
      </symbol>
      <symbol id="sm-a21">
         <name>UARTFIFOWrite</name>
         <value>0x402f4d5c</value>
         <object_component_ref idref="oc-125"/>
      </symbol>
      <symbol id="sm-a22">
         <name>UARTWakeUpEventsEnable</name>
         <value>0x402f5408</value>
         <object_component_ref idref="oc-125"/>
      </symbol>
      <symbol id="sm-a23">
         <name>UARTSpecialCharDetectControl</name>
         <value>0x402f4f94</value>
         <object_component_ref idref="oc-125"/>
      </symbol>
      <symbol id="sm-a24">
         <name>UARTDivisorLatchWrite</name>
         <value>0x402f3c28</value>
         <object_component_ref idref="oc-125"/>
      </symbol>
      <symbol id="sm-a25">
         <name>UARTWakeUpEventsDisable</name>
         <value>0x402f5438</value>
         <object_component_ref idref="oc-125"/>
      </symbol>
      <symbol id="sm-a26">
         <name>UARTScratchPadRegRead</name>
         <value>0x402f576c</value>
         <object_component_ref idref="oc-125"/>
      </symbol>
      <symbol id="sm-a27">
         <name>UARTModuleVersionNumberGet</name>
         <value>0x402f5788</value>
         <object_component_ref idref="oc-125"/>
      </symbol>
      <symbol id="sm-a28">
         <name>UARTRXCTSDSRWakeUpConfigure</name>
         <value>0x402f5554</value>
         <object_component_ref idref="oc-125"/>
      </symbol>
      <symbol id="sm-a29">
         <name>UARTEnhanFuncEnable</name>
         <value>0x402f448c</value>
         <object_component_ref idref="oc-125"/>
      </symbol>
      <symbol id="sm-a2a">
         <name>UARTTxFIFOLevelGet</name>
         <value>0x402f5614</value>
         <object_component_ref idref="oc-125"/>
      </symbol>
      <symbol id="sm-a2b">
         <name>UARTOperatingModeSelect</name>
         <value>0x402f3b04</value>
         <object_component_ref idref="oc-125"/>
      </symbol>
      <symbol id="sm-a2c">
         <name>UARTXON2XOFF2ValProgram</name>
         <value>0x402f5220</value>
         <object_component_ref idref="oc-125"/>
      </symbol>
      <symbol id="sm-a2d">
         <name>UARTLineCharacConfig</name>
         <value>0x402f3ed0</value>
         <object_component_ref idref="oc-125"/>
      </symbol>
      <symbol id="sm-a2e">
         <name>UARTIntEnable</name>
         <value>0x402f48b4</value>
         <object_component_ref idref="oc-125"/>
      </symbol>
      <symbol id="sm-a2f">
         <name>UARTCharsAvail</name>
         <value>0x402f4ab4</value>
         <object_component_ref idref="oc-125"/>
      </symbol>
      <symbol id="sm-a30">
         <name>UARTRxFIFOLevelGet</name>
         <value>0x402f562c</value>
         <object_component_ref idref="oc-125"/>
      </symbol>
      <symbol id="sm-a31">
         <name>UARTFlowCtrlTrigLvlConfig</name>
         <value>0x402f51a0</value>
         <object_component_ref idref="oc-125"/>
      </symbol>
      <symbol id="sm-a32">
         <name>UARTCharGetNonBlocking</name>
         <value>0x402f4b74</value>
         <object_component_ref idref="oc-125"/>
      </symbol>
      <symbol id="sm-a33">
         <name>UARTDMACounterResetControl</name>
         <value>0x402f55b4</value>
         <object_component_ref idref="oc-125"/>
      </symbol>
      <symbol id="sm-a34">
         <name>UARTModemStatusGet</name>
         <value>0x402f53b8</value>
         <object_component_ref idref="oc-125"/>
      </symbol>
      <symbol id="sm-a35">
         <name>UARTAutoRTSAutoCTSControl</name>
         <value>0x402f4f08</value>
         <object_component_ref idref="oc-125"/>
      </symbol>
      <symbol id="sm-a36">
         <name>UARTFIFORegisterWrite</name>
         <value>0x402f4400</value>
         <object_component_ref idref="oc-125"/>
      </symbol>
      <symbol id="sm-a37">
         <name>UARTDSRInterruptControl</name>
         <value>0x402f54cc</value>
         <object_component_ref idref="oc-125"/>
      </symbol>
      <symbol id="sm-a38">
         <name>UARTIntDisable</name>
         <value>0x402f4998</value>
         <object_component_ref idref="oc-125"/>
      </symbol>
      <symbol id="sm-a39">
         <name>UARTCharPut</name>
         <value>0x402f4ccc</value>
         <object_component_ref idref="oc-125"/>
      </symbol>
      <symbol id="sm-a3a">
         <name>UARTTxDMAThresholdControl</name>
         <value>0x402f57a4</value>
         <object_component_ref idref="oc-125"/>
      </symbol>
      <symbol id="sm-a3b">
         <name>UARTParityModeSet</name>
         <value>0x402f3f48</value>
         <object_component_ref idref="oc-125"/>
      </symbol>
      <symbol id="sm-a3c">
         <name>UARTAutoIdleModeControl</name>
         <value>0x402f515c</value>
         <object_component_ref idref="oc-125"/>
      </symbol>
      <symbol id="sm-a3d">
         <name>UARTRxErrorGet</name>
         <value>0x402f4dc8</value>
         <object_component_ref idref="oc-125"/>
      </symbol>
      <symbol id="sm-a3e">
         <name>UARTFIFOEnableStatusGet</name>
         <value>0x402f4eb4</value>
         <object_component_ref idref="oc-125"/>
      </symbol>
      <symbol id="sm-a3f">
         <name>UARTXONAnyFeatureControl</name>
         <value>0x402f5250</value>
         <object_component_ref idref="oc-125"/>
      </symbol>
      <symbol id="sm-a40">
         <name>UARTFIFOCharPut</name>
         <value>0x402f4d20</value>
         <object_component_ref idref="oc-125"/>
      </symbol>
      <symbol id="sm-a41">
         <name>UARTSubConfigMSRSPRModeEn</name>
         <value>0x402f4550</value>
         <object_component_ref idref="oc-125"/>
      </symbol>
      <symbol id="sm-a42">
         <name>UARTDMADisable</name>
         <value>0x402f43c8</value>
         <object_component_ref idref="oc-125"/>
      </symbol>
      <symbol id="sm-a43">
         <name>UARTTxFIFOFullStatusGet</name>
         <value>0x402f55f8</value>
         <object_component_ref idref="oc-125"/>
      </symbol>
      <symbol id="sm-a44">
         <name>UARTFIFOConfig</name>
         <value>0x402f3fa8</value>
         <object_component_ref idref="oc-125"/>
      </symbol>
      <symbol id="sm-a45">
         <name>UARTTxDMAThresholdValConfig</name>
         <value>0x402f57e8</value>
         <object_component_ref idref="oc-125"/>
      </symbol>
      <symbol id="sm-a46">
         <name>UARTWakeUpControl</name>
         <value>0x402f5118</value>
         <object_component_ref idref="oc-125"/>
      </symbol>
      <symbol id="sm-a47">
         <name>UARTResumeOperation</name>
         <value>0x402f53f0</value>
         <object_component_ref idref="oc-125"/>
      </symbol>
      <symbol id="sm-a48">
         <name>UARTRegConfModeRestore</name>
         <value>0x402f3e6c</value>
         <object_component_ref idref="oc-125"/>
      </symbol>
      <symbol id="sm-a49">
         <name>UARTSpaceAvail</name>
         <value>0x402f4a60</value>
         <object_component_ref idref="oc-125"/>
      </symbol>
      <symbol id="sm-a4a">
         <name>UARTAutobaudSpeedGet</name>
         <value>0x402f56dc</value>
         <object_component_ref idref="oc-125"/>
      </symbol>
      <symbol id="sm-a4b">
         <name>UARTCharGet</name>
         <value>0x402f4be4</value>
         <object_component_ref idref="oc-125"/>
      </symbol>
      <symbol id="sm-a4c">
         <name>UARTSoftwareFlowCtrlOptSet</name>
         <value>0x402f4ff8</value>
         <object_component_ref idref="oc-125"/>
      </symbol>
      <symbol id="sm-a4d">
         <name>UARTModemControlClear</name>
         <value>0x402f5388</value>
         <object_component_ref idref="oc-125"/>
      </symbol>
      <symbol id="sm-a4e">
         <name>UARTRegConfigModeEnable</name>
         <value>0x402f3df4</value>
         <object_component_ref idref="oc-125"/>
      </symbol>
      <symbol id="sm-a4f">
         <name>UARTRXCTSDSRTransitionStatusGet</name>
         <value>0x402f5598</value>
         <object_component_ref idref="oc-125"/>
      </symbol>
      <symbol id="sm-a50">
         <name>UARTTxEmptyIntControl</name>
         <value>0x402f5510</value>
         <object_component_ref idref="oc-125"/>
      </symbol>
      <symbol id="sm-a51">
         <name>UARTParityModeGet</name>
         <value>0x402f3f8c</value>
         <object_component_ref idref="oc-125"/>
      </symbol>
      <symbol id="sm-a52">
         <name>UARTBreakCtl</name>
         <value>0x402f3e8c</value>
         <object_component_ref idref="oc-125"/>
      </symbol>
   </symbol_table>
   <title>Link successful</title>
</link_info>
