Archive member included because of file (symbol)

../../../../../..//binary/armv7a/gcc/am335x/drivers/Debug/libdrivers.a(gpio_v2.o)
                              Debug_MMCSD/bl_platform.o (GPIOModuleReset)
../../../../../..//binary/armv7a/gcc/am335x/drivers/Debug/libdrivers.a(hs_mmcsd.o)
                              Debug_MMCSD/bl_hsmmcsd.o (HSMMCSDIntrStatusEnable)
../../../../../..//binary/armv7a/gcc/am335x/drivers/Debug/libdrivers.a(hsi2c.o)
                              Debug_MMCSD/bl_platform.o (I2CMasterInitExpClk)
../../../../../..//binary/armv7a/gcc/utils/Debug/libutils.a(board.o)
                              Debug_MMCSD/bl_main.o (boardName)
../../../../../..//binary/armv7a/gcc/utils/Debug/libutils.a(uartStdio.o)
                              Debug_MMCSD/bl_platform.o (UARTStdioInit)
../../../../../..//binary/armv7a/gcc/utils/Debug/libutils.a(ascii.o)
                              ../../../../../..//binary/armv7a/gcc/utils/Debug/libutils.a(uartStdio.o) (ASCIIToDigit)
../../../../../..//binary/armv7a/gcc/am335x/beaglebone/platform/Debug/libplatform.a(board.o)
                              ../../../../../..//binary/armv7a/gcc/utils/Debug/libutils.a(board.o) (BoardInfoCheck)
../../../../../..//binary/armv7a/gcc/am335x/beaglebone/platform/Debug/libplatform.a(eeprom.o)
                              ../../../../../..//binary/armv7a/gcc/utils/Debug/libutils.a(board.o) (BoardInfoRead)
../../../../../..//binary/armv7a/gcc/am335x/beaglebone/platform/Debug/libplatform.a(gpio.o)
                              Debug_MMCSD/bl_platform.o (GPIO0ModuleClkConfig)
../../../../../..//binary/armv7a/gcc/am335x/beaglebone/platform/Debug/libplatform.a(hs_mmcsd.o)
                              Debug_MMCSD/bl_platform.o (HSMMCSDPinMuxSetup)
../../../../../..//binary/armv7a/gcc/am335x/beaglebone/platform/Debug/libplatform.a(hsi2c.o)
                              Debug_MMCSD/bl_platform.o (I2CPinMuxSetup)
../../../../../..//binary/armv7a/gcc/am335x/beaglebone/platform/Debug/libplatform.a(uartConsole.o)
                              ../../../../../..//binary/armv7a/gcc/utils/Debug/libutils.a(uartStdio.o) (UARTConsoleInit)
../../../../../..//binary/armv7a/gcc/am335x/beaglebone/platform/Debug/libplatform.a(uart.o)
                              ../../../../../..//binary/armv7a/gcc/am335x/beaglebone/platform/Debug/libplatform.a(uartConsole.o) (UARTPinMuxSetup)
../../../../../..//binary/armv7a/gcc/mmcsdlib/Debug/libmmcsd.a(hs_mmcsdlib.o)
                              Debug_MMCSD/bl_hsmmcsd.o (HSMMCSDCardPresent)
../../../../../..//binary/armv7a/gcc/mmcsdlib/Debug/libmmcsd.a(mmcsd_proto.o)
                              Debug_MMCSD/fat_mmcsd.o (MMCSDBusWidthSet)
/home/thanasis/Programs/ti/ccsv6/tools/compiler/gcc-arm-none-eabi-4_7-2013q3/arm-none-eabi/lib//libc.a(lib_a-memcpy.o)
                              Debug_MMCSD/bl_hsmmcsd.o (memcpy)
/home/thanasis/Programs/ti/ccsv6/tools/compiler/gcc-arm-none-eabi-4_7-2013q3/arm-none-eabi/lib//libc.a(lib_a-memset.o)
                              ../../../../../..//binary/armv7a/gcc/mmcsdlib/Debug/libmmcsd.a(mmcsd_proto.o) (memset)
/home/thanasis/Programs/ti/ccsv6/tools/compiler/gcc-arm-none-eabi-4_7-2013q3/arm-none-eabi/lib//libc.a(lib_a-strcmp.o)
                              Debug_MMCSD/bl_platform.o (strcmp)
/home/thanasis/Programs/ti/ccsv6/tools/compiler/gcc-arm-none-eabi-4_7-2013q3/lib/gcc/arm-none-eabi/4.7.4//libgcc.a(_udivsi3.o)
                              (__aeabi_uidiv)
/home/thanasis/Programs/ti/ccsv6/tools/compiler/gcc-arm-none-eabi-4_7-2013q3/lib/gcc/arm-none-eabi/4.7.4//libgcc.a(_divsi3.o)
                              (__aeabi_idiv)
/home/thanasis/Programs/ti/ccsv6/tools/compiler/gcc-arm-none-eabi-4_7-2013q3/lib/gcc/arm-none-eabi/4.7.4//libgcc.a(_dvmd_tls.o)
                              /home/thanasis/Programs/ti/ccsv6/tools/compiler/gcc-arm-none-eabi-4_7-2013q3/lib/gcc/arm-none-eabi/4.7.4//libgcc.a(_udivsi3.o) (__aeabi_idiv0)
../../../../../..//binary/armv7a/gcc/am335x/drivers/Debug/libdrivers.a(uart_irda_cir.o)
                              ../../../../../..//binary/armv7a/gcc/am335x/beaglebone/platform/Debug/libplatform.a(uartConsole.o) (UARTOperatingModeSelect)

Allocating common symbols
Common symbol       size              file

dataToSlave         0x3               Debug_MMCSD/bl_platform.o
sdCard              0x48              Debug_MMCSD/bl_hsmmcsd.o
extCsd              0x64              ../../../../../..//binary/armv7a/gcc/mmcsdlib/Debug/libmmcsd.a(mmcsd_proto.o)
rCount              0x4               Debug_MMCSD/bl_platform.o
boardName           0x8               ../../../../../..//binary/armv7a/gcc/utils/Debug/libutils.a(board.o)
numOfBytes          0x4               Debug_MMCSD/bl_platform.o
cardCid             0x14              ../../../../../..//binary/armv7a/gcc/mmcsdlib/Debug/libmmcsd.a(mmcsd_proto.o)
ctrlInfo            0x50              Debug_MMCSD/bl_hsmmcsd.o
[...]
Memory Configuration

Name             Origin             Length             Attributes
IRAM_MEM         0x402f0400         0x0001fbff
*default*        0x00000000         0xffffffff

Linker script and memory map

LOAD Debug_MMCSD/bl_copy.o
LOAD Debug_MMCSD/bl_hsmmcsd.o
LOAD Debug_MMCSD/bl_init.o
LOAD Debug_MMCSD/bl_main.o
LOAD Debug_MMCSD/bl_platform.o
LOAD Debug_MMCSD/cache.o
LOAD Debug_MMCSD/cp15.o
LOAD Debug_MMCSD/device.o
LOAD Debug_MMCSD/fat_mmcsd.o
LOAD Debug_MMCSD/ff.o
LOAD Debug_MMCSD/mmu.o
                0x402f0400                BOOT_START_ADDR = 0x402f0400

.rsthand        0x402f0400       0x80
                0x402f0400                . = ALIGN (0x4)
 *bl_init.o(.text)
 .text          0x402f0400       0x80 Debug_MMCSD/bl_init.o
                0x402f0400                Entry

.text           0x402f0480     0xd410
                0x402f0480                . = ALIGN (0x4)
 *(.text*)
 .text.ImageCopy
                0x402f0480       0x18 Debug_MMCSD/bl_copy.o
                0x402f0480                ImageCopy
 .text.MMCSDBootCopy
                0x402f0498       0x50 Debug_MMCSD/bl_copy.o
 .text.HSMMCSDCmdStatusGet
                0x402f04e8       0xfc Debug_MMCSD/bl_hsmmcsd.o
 .text.HSMMCSDXferStatusGet
                0x402f05e4      0x324 Debug_MMCSD/bl_hsmmcsd.o
 .text.HSMMCSDXferSetup
                0x402f0908      0x150 Debug_MMCSD/bl_hsmmcsd.o
 .text.HSMMCSDStatusGet
                0x402f0a58       0xb4 Debug_MMCSD/bl_hsmmcsd.o
 .text.HSMMCSDControllerSetup
                0x402f0b0c      0x190 Debug_MMCSD/bl_hsmmcsd.o
 .text.HSMMCSDFsMount
                0x402f0c9c       0x60 Debug_MMCSD/bl_hsmmcsd.o
                0x402f0c9c                HSMMCSDFsMount
 .text.HSMMCSDImageCopy
                0x402f0cfc      0x1fc Debug_MMCSD/bl_hsmmcsd.o
                0x402f0cfc                HSMMCSDImageCopy
 .text.HSMMCSDInit
                0x402f0ef8       0x98 Debug_MMCSD/bl_hsmmcsd.o
                0x402f0ef8                HSMMCSDInit
 .text.main     0x402f0f90       0xe4 Debug_MMCSD/bl_main.o
                0x402f0f90                main
 .text.BootMaxOppGet
                0x402f1074      0x12c Debug_MMCSD/bl_platform.o
                0x402f1074                BootMaxOppGet
 .text.CorePLLInit
                0x402f11a0      0x174 Debug_MMCSD/bl_platform.o
                0x402f11a0                CorePLLInit
 .text.DisplayPLLInit
                0x402f1314      0x134 Debug_MMCSD/bl_platform.o
                0x402f1314                DisplayPLLInit
 .text.PerPLLInit
                0x402f1448      0x130 Debug_MMCSD/bl_platform.o
                0x402f1448                PerPLLInit
 .text.DDRPLLInit
                0x402f1578      0x140 Debug_MMCSD/bl_platform.o
                0x402f1578                DDRPLLInit
 .text.MPUPLLInit
                0x402f16b8      0x140 Debug_MMCSD/bl_platform.o
                0x402f16b8                MPUPLLInit
 .text.InterfaceClkInit
                0x402f17f8      0x164 Debug_MMCSD/bl_platform.o
                0x402f17f8                InterfaceClkInit
 .text.PowerDomainTransitionInit
                0x402f195c       0xa0 Debug_MMCSD/bl_platform.o
                0x402f195c                PowerDomainTransitionInit
 .text.PLLInit  0x402f19fc       0x8c Debug_MMCSD/bl_platform.o
                0x402f19fc                PLLInit
 .text.SetupI2C
                0x402f1a88       0xc8 Debug_MMCSD/bl_platform.o
                0x402f1a88                SetupI2C
 .text.CleanupInterrupts
                0x402f1b50       0x24 Debug_MMCSD/bl_platform.o
                0x402f1b50                CleanupInterrupts
 .text.SetupI2CTransmit
                0x402f1b74      0x188 Debug_MMCSD/bl_platform.o
                0x402f1b74                SetupI2CTransmit
 .text.SetupReception
                0x402f1cfc      0x278 Debug_MMCSD/bl_platform.o
                0x402f1cfc                SetupReception
 .text.TPS65217RegRead
                0x402f1f74       0x68 Debug_MMCSD/bl_platform.o
                0x402f1f74                TPS65217RegRead
 .text.TPS65217RegWrite
                0x402f1fdc      0x1f4 Debug_MMCSD/bl_platform.o
                0x402f1fdc                TPS65217RegWrite
 .text.TPS65217VoltageUpdate
                0x402f21d0       0x64 Debug_MMCSD/bl_platform.o
                0x402f21d0                TPS65217VoltageUpdate
 .text.SetVdd1OpVoltage
                0x402f2234       0x34 Debug_MMCSD/bl_platform.o
                0x402f2234                SetVdd1OpVoltage
 .text.ConfigVddOpVoltage
                0x402f2268      0x11c Debug_MMCSD/bl_platform.o
                0x402f2268                ConfigVddOpVoltage
 .text.DDR2PhyInit
                0x402f2384      0x1f4 Debug_MMCSD/bl_platform.o
 .text.DDR3PhyInit
                0x402f2578      0x164 Debug_MMCSD/bl_platform.o
 .text.DDR3Init
                0x402f26dc      0x22c Debug_MMCSD/bl_platform.o
                0x402f26dc                DDR3Init
 .text.DDR2Init
                0x402f2908      0x27c Debug_MMCSD/bl_platform.o
                0x402f2908                DDR2Init
 .text.EMIFInit
                0x402f2b84       0x94 Debug_MMCSD/bl_platform.o
                0x402f2b84                EMIFInit
 .text.BlPlatformMMCSDSetup
                0x402f2c18       0x28 Debug_MMCSD/bl_platform.o
                0x402f2c18                BlPlatformMMCSDSetup
 .text.UARTSetup
                0x402f2c40       0x50 Debug_MMCSD/bl_platform.o
                0x402f2c40                UARTSetup
 .text.BlPlatformConfig
                0x402f2c90      0x1c4 Debug_MMCSD/bl_platform.o
                0x402f2c90                BlPlatformConfig
 .text.DDRVTTEnable
                0x402f2e54       0x8c Debug_MMCSD/bl_platform.o
 .text.BlPlatformConfigPostBoot
                0x402f2ee0       0x14 Debug_MMCSD/bl_platform.o
                0x402f2ee0                BlPlatformConfigPostBoot
 .text.BlPlatformMMCSDImageCopy
                0x402f2ef4       0x44 Debug_MMCSD/bl_platform.o
                0x402f2ef4                BlPlatformMMCSDImageCopy
 .text.CacheDataCleanBuff
                0x402f2f38       0x30 Debug_MMCSD/cache.o
                0x402f2f38                CacheDataCleanBuff
 .text.CacheDataInvalidateBuff
                0x402f2f68       0x30 Debug_MMCSD/cache.o
                0x402f2f68                CacheDataInvalidateBuff
 .text          0x402f2f98      0x488 Debug_MMCSD/cp15.o
                0x402f2f98                CP15ICacheDisable
                0x402f2fb4                CP15DCacheDisable
                0x402f2fd0                CP15ICacheEnable
                0x402f2fe0                CP15DCacheEnable
                0x402f2ff0                CP15DCacheFlush
                0x402f3084                CP15DCacheClean
                0x402f3118                CP15DCacheCleanFlush
                0x402f31ac                CP15ICacheFlush
                0x402f31bc                CP15DCacheCleanBuff
                0x402f3210                CP15DCacheCleanFlushBuff
                0x402f3264                CP15DCacheFlushBuff
                0x402f32c8                CP15ICacheFlushBuff
                0x402f331c                CP15Ttb0Set
                0x402f3328                CP15TlbInvalidate
                0x402f3334                CP15MMUDisable
                0x402f334c                CP15MMUEnable
                0x402f3360                CP15VectorBaseAddrSet
                0x402f336c                CP15BranchPredictorInvalidate
                0x402f3378                CP15BranchPredictionEnable
                0x402f3388                CP15BranchPredictionDisable
                0x402f3398                CP15DomainAccessClientSet
                0x402f33a8                CP15ControlFeatureDisable
                0x402f33bc                CP15ControlFeatureEnable
                0x402f33d0                CP15TtbCtlTtb0Config
                0x402f33e0                CP15AuxControlFeatureEnable
                0x402f33f4                CP15AuxControlFeatureDisable
                0x402f3408                CP15MainIdPrimPartNumGet
 .text.DeviceVersionGet
                0x402f3420       0x34 Debug_MMCSD/device.o
                0x402f3420                DeviceVersionGet
 .text.SysConfigOppDataGet
                0x402f3454       0x2c Debug_MMCSD/device.o
                0x402f3454                SysConfigOppDataGet
 .text.disk_initialize
                0x402f3480      0x158 Debug_MMCSD/fat_mmcsd.o
                0x402f3480                disk_initialize
 .text.disk_status
                0x402f35d8       0x28 Debug_MMCSD/fat_mmcsd.o
                0x402f35d8                disk_status
 .text.disk_read
                0x402f3600       0x9c Debug_MMCSD/fat_mmcsd.o
                0x402f3600                disk_read
 .text.disk_write
                0x402f369c       0x9c Debug_MMCSD/fat_mmcsd.o
                0x402f369c                disk_write
 .text.disk_ioctl
                0x402f3738       0x34 Debug_MMCSD/fat_mmcsd.o
                0x402f3738                disk_ioctl
 .text.get_fattime
                0x402f376c       0x20 Debug_MMCSD/fat_mmcsd.o
                0x402f376c                get_fattime
 .text.mem_cpy  0x402f378c       0xcc Debug_MMCSD/ff.o
 .text.mem_set  0x402f3858       0x74 Debug_MMCSD/ff.o
 .text.mem_cmp  0x402f38cc       0xc0 Debug_MMCSD/ff.o
 .text.chk_chr  0x402f398c       0x64 Debug_MMCSD/ff.o
 .text.sync_window
                0x402f39f0      0x110 Debug_MMCSD/ff.o
 .text.move_window
                0x402f3b00       0xa8 Debug_MMCSD/ff.o
 .text.sync_fs  0x402f3ba8      0x174 Debug_MMCSD/ff.o
 .text.clust2sect
                0x402f3d1c       0x6c Debug_MMCSD/ff.o
                0x402f3d1c                clust2sect
 .text.get_fat  0x402f3d88      0x264 Debug_MMCSD/ff.o
                0x402f3d88                get_fat
 .text.put_fat  0x402f3fec      0x334 Debug_MMCSD/ff.o
                0x402f3fec                put_fat
 .text.remove_chain
                0x402f4320      0x144 Debug_MMCSD/ff.o
 .text.create_chain
                0x402f4464      0x248 Debug_MMCSD/ff.o
 .text.dir_sdi  0x402f46ac      0x1f4 Debug_MMCSD/ff.o
 .text.dir_next
                0x402f48a0      0x344 Debug_MMCSD/ff.o
 .text.dir_alloc
                0x402f4be4      0x120 Debug_MMCSD/ff.o
 .text.ld_clust
                0x402f4d04       0x64 Debug_MMCSD/ff.o
 .text.st_clust
                0x402f4d68       0x4c Debug_MMCSD/ff.o
 .text.dir_find
                0x402f4db4      0x134 Debug_MMCSD/ff.o
 .text.dir_register
                0x402f4ee8       0xd8 Debug_MMCSD/ff.o
 .text.create_name
                0x402f4fc0      0x2e8 Debug_MMCSD/ff.o
 .text.follow_path
                0x402f52a8      0x1a0 Debug_MMCSD/ff.o
 .text.get_ldnumber
                0x402f5448      0x108 Debug_MMCSD/ff.o
 .text.check_fs
                0x402f5550       0xd8 Debug_MMCSD/ff.o
 .text.find_volume
                0x402f5628      0x784 Debug_MMCSD/ff.o
 .text.validate
                0x402f5dac       0xb0 Debug_MMCSD/ff.o
 .text.f_mount  0x402f5e5c      0x100 Debug_MMCSD/ff.o
                0x402f5e5c                f_mount
 .text.f_open   0x402f5f5c      0x3c8 Debug_MMCSD/ff.o
                0x402f5f5c                f_open
 .text.f_read   0x402f6324      0x450 Debug_MMCSD/ff.o
                0x402f6324                f_read
 .text.f_sync   0x402f6774      0x164 Debug_MMCSD/ff.o
                0x402f6774                f_sync
 .text.f_close  0x402f68d8       0x74 Debug_MMCSD/ff.o
                0x402f68d8                f_close
 .text.GPIOModuleReset
                0x402f694c       0x54 ../../../../../..//binary/armv7a/gcc/am335x/drivers/Debug/libdrivers.a(gpio_v2.o)
                0x402f694c                GPIOModuleReset
 .text.GPIOModuleEnable
                0x402f69a0       0x38 ../../../../../..//binary/armv7a/gcc/am335x/drivers/Debug/libdrivers.a(gpio_v2.o)
                0x402f69a0                GPIOModuleEnable
 .text.GPIODirModeSet
                0x402f69d8       0x88 ../../../../../..//binary/armv7a/gcc/am335x/drivers/Debug/libdrivers.a(gpio_v2.o)
                0x402f69d8                GPIODirModeSet
 .text.GPIOPinWrite
                0x402f6a60       0x64 ../../../../../..//binary/armv7a/gcc/am335x/drivers/Debug/libdrivers.a(gpio_v2.o)
                0x402f6a60                GPIOPinWrite
 .text.HSMMCSDSoftReset
                0x402f6ac4       0xa0 ../../../../../..//binary/armv7a/gcc/am335x/drivers/Debug/libdrivers.a(hs_mmcsd.o)
                0x402f6ac4                HSMMCSDSoftReset
 .text.HSMMCSDLinesReset
                0x402f6b64       0xb0 ../../../../../..//binary/armv7a/gcc/am335x/drivers/Debug/libdrivers.a(hs_mmcsd.o)
                0x402f6b64                HSMMCSDLinesReset
 .text.HSMMCSDSystemConfig
                0x402f6c14       0x64 ../../../../../..//binary/armv7a/gcc/am335x/drivers/Debug/libdrivers.a(hs_mmcsd.o)
                0x402f6c14                HSMMCSDSystemConfig
 .text.HSMMCSDBusWidthSet
                0x402f6c78       0xf0 ../../../../../..//binary/armv7a/gcc/am335x/drivers/Debug/libdrivers.a(hs_mmcsd.o)
                0x402f6c78                HSMMCSDBusWidthSet
 .text.HSMMCSDBusVoltSet
                0x402f6d68       0x5c ../../../../../..//binary/armv7a/gcc/am335x/drivers/Debug/libdrivers.a(hs_mmcsd.o)
                0x402f6d68                HSMMCSDBusVoltSet
 .text.HSMMCSDBusPower
                0x402f6dc4       0xbc ../../../../../..//binary/armv7a/gcc/am335x/drivers/Debug/libdrivers.a(hs_mmcsd.o)
                0x402f6dc4                HSMMCSDBusPower
 .text.HSMMCSDIntClock
                0x402f6e80       0x7c ../../../../../..//binary/armv7a/gcc/am335x/drivers/Debug/libdrivers.a(hs_mmcsd.o)
                0x402f6e80                HSMMCSDIntClock
 .text.HSMMCSDIsIntClockStable
                0x402f6efc       0x88 ../../../../../..//binary/armv7a/gcc/am335x/drivers/Debug/libdrivers.a(hs_mmcsd.o)
                0x402f6efc                HSMMCSDIsIntClockStable
 .text.HSMMCSDSupportedVoltSet
                0x402f6f84       0x5c ../../../../../..//binary/armv7a/gcc/am335x/drivers/Debug/libdrivers.a(hs_mmcsd.o)
                0x402f6f84                HSMMCSDSupportedVoltSet
 .text.HSMMCSDDataTimeoutSet
                0x402f6fe0       0x5c ../../../../../..//binary/armv7a/gcc/am335x/drivers/Debug/libdrivers.a(hs_mmcsd.o)
                0x402f6fe0                HSMMCSDDataTimeoutSet
 .text.HSMMCSDBusFreqSet
                0x402f703c      0x194 ../../../../../..//binary/armv7a/gcc/am335x/drivers/Debug/libdrivers.a(hs_mmcsd.o)
                0x402f703c                HSMMCSDBusFreqSet
 .text.HSMMCSDInitStreamSend
                0x402f71d0       0xa8 ../../../../../..//binary/armv7a/gcc/am335x/drivers/Debug/libdrivers.a(hs_mmcsd.o)
                0x402f71d0                HSMMCSDInitStreamSend
 .text.HSMMCSDIntrStatusEnable
                0x402f7278       0x40 ../../../../../..//binary/armv7a/gcc/am335x/drivers/Debug/libdrivers.a(hs_mmcsd.o)
                0x402f7278                HSMMCSDIntrStatusEnable
 .text.HSMMCSDIntrStatusDisable
                0x402f72b8       0x44 ../../../../../..//binary/armv7a/gcc/am335x/drivers/Debug/libdrivers.a(hs_mmcsd.o)
                0x402f72b8                HSMMCSDIntrStatusDisable
 .text.HSMMCSDIntrEnable
                0x402f72fc       0x50 ../../../../../..//binary/armv7a/gcc/am335x/drivers/Debug/libdrivers.a(hs_mmcsd.o)
                0x402f72fc                HSMMCSDIntrEnable
 .text.HSMMCSDIntrStatusGet
                0x402f734c       0x38 ../../../../../..//binary/armv7a/gcc/am335x/drivers/Debug/libdrivers.a(hs_mmcsd.o)
                0x402f734c                HSMMCSDIntrStatusGet
 .text.HSMMCSDIntrStatusClear
                0x402f7384       0x30 ../../../../../..//binary/armv7a/gcc/am335x/drivers/Debug/libdrivers.a(hs_mmcsd.o)
                0x402f7384                HSMMCSDIntrStatusClear
 .text.HSMMCSDIsCmdComplete
                0x402f73b4       0x84 ../../../../../..//binary/armv7a/gcc/am335x/drivers/Debug/libdrivers.a(hs_mmcsd.o)
                0x402f73b4                HSMMCSDIsCmdComplete
 .text.HSMMCSDBlkLenSet
                0x402f7438       0x64 ../../../../../..//binary/armv7a/gcc/am335x/drivers/Debug/libdrivers.a(hs_mmcsd.o)
                0x402f7438                HSMMCSDBlkLenSet
 .text.HSMMCSDCommandSend
                0x402f749c       0xc4 ../../../../../..//binary/armv7a/gcc/am335x/drivers/Debug/libdrivers.a(hs_mmcsd.o)
                0x402f749c                HSMMCSDCommandSend
 .text.HSMMCSDResponseGet
                0x402f7560       0x70 ../../../../../..//binary/armv7a/gcc/am335x/drivers/Debug/libdrivers.a(hs_mmcsd.o)
                0x402f7560                HSMMCSDResponseGet
 .text.HSMMCSDIsCardInserted
                0x402f75d0       0x34 ../../../../../..//binary/armv7a/gcc/am335x/drivers/Debug/libdrivers.a(hs_mmcsd.o)
                0x402f75d0                HSMMCSDIsCardInserted
 .text.I2CMasterInitExpClk
                0x402f7604       0xa4 ../../../../../..//binary/armv7a/gcc/am335x/drivers/Debug/libdrivers.a(hsi2c.o)
                0x402f7604                I2CMasterInitExpClk
 .text.I2CMasterEnable
                0x402f76a8       0x38 ../../../../../..//binary/armv7a/gcc/am335x/drivers/Debug/libdrivers.a(hsi2c.o)
                0x402f76a8                I2CMasterEnable
 .text.I2CMasterDisable
                0x402f76e0       0x38 ../../../../../..//binary/armv7a/gcc/am335x/drivers/Debug/libdrivers.a(hsi2c.o)
                0x402f76e0                I2CMasterDisable
 .text.I2CMasterBusBusy
                0x402f7718       0x50 ../../../../../..//binary/armv7a/gcc/am335x/drivers/Debug/libdrivers.a(hsi2c.o)
                0x402f7718                I2CMasterBusBusy
 .text.I2CMasterControl
                0x402f7768       0x34 ../../../../../..//binary/armv7a/gcc/am335x/drivers/Debug/libdrivers.a(hsi2c.o)
                0x402f7768                I2CMasterControl
 .text.I2CMasterStart
                0x402f779c       0x38 ../../../../../..//binary/armv7a/gcc/am335x/drivers/Debug/libdrivers.a(hsi2c.o)
                0x402f779c                I2CMasterStart
 .text.I2CMasterStop
                0x402f77d4       0x38 ../../../../../..//binary/armv7a/gcc/am335x/drivers/Debug/libdrivers.a(hsi2c.o)
                0x402f77d4                I2CMasterStop
 .text.I2CMasterIntDisableEx
                0x402f780c       0x30 ../../../../../..//binary/armv7a/gcc/am335x/drivers/Debug/libdrivers.a(hsi2c.o)
                0x402f780c                I2CMasterIntDisableEx
 .text.I2CMasterIntRawStatus
                0x402f783c       0x2c ../../../../../..//binary/armv7a/gcc/am335x/drivers/Debug/libdrivers.a(hsi2c.o)
                0x402f783c                I2CMasterIntRawStatus
 .text.I2CMasterIntRawStatusEx
                0x402f7868       0x38 ../../../../../..//binary/armv7a/gcc/am335x/drivers/Debug/libdrivers.a(hsi2c.o)
                0x402f7868                I2CMasterIntRawStatusEx
 .text.I2CMasterIntClearEx
                0x402f78a0       0x30 ../../../../../..//binary/armv7a/gcc/am335x/drivers/Debug/libdrivers.a(hsi2c.o)
                0x402f78a0                I2CMasterIntClearEx
 .text.I2CMasterSlaveAddrSet
                0x402f78d0       0x30 ../../../../../..//binary/armv7a/gcc/am335x/drivers/Debug/libdrivers.a(hsi2c.o)
                0x402f78d0                I2CMasterSlaveAddrSet
 .text.I2CSetDataCount
                0x402f7900       0x30 ../../../../../..//binary/armv7a/gcc/am335x/drivers/Debug/libdrivers.a(hsi2c.o)
                0x402f7900                I2CSetDataCount
 .text.I2CSoftReset
                0x402f7930       0x38 ../../../../../..//binary/armv7a/gcc/am335x/drivers/Debug/libdrivers.a(hsi2c.o)
                0x402f7930                I2CSoftReset
 .text.I2CAutoIdleDisable
                0x402f7968       0x38 ../../../../../..//binary/armv7a/gcc/am335x/drivers/Debug/libdrivers.a(hsi2c.o)
                0x402f7968                I2CAutoIdleDisable
 .text.I2CSystemStatusGet
                0x402f79a0       0x30 ../../../../../..//binary/armv7a/gcc/am335x/drivers/Debug/libdrivers.a(hsi2c.o)
                0x402f79a0                I2CSystemStatusGet
 .text.I2CMasterDataPut
                0x402f79d0       0x34 ../../../../../..//binary/armv7a/gcc/am335x/drivers/Debug/libdrivers.a(hsi2c.o)
                0x402f79d0                I2CMasterDataPut
 .text.I2CMasterDataGet
                0x402f7a04       0x34 ../../../../../..//binary/armv7a/gcc/am335x/drivers/Debug/libdrivers.a(hsi2c.o)
                0x402f7a04                I2CMasterDataGet
 .text.BoardInfoInit
                0x402f7a38      0x154 ../../../../../..//binary/armv7a/gcc/utils/Debug/libutils.a(board.o)
                0x402f7a38                BoardInfoInit
 .text.UARTStdioInit
                0x402f7b8c       0x18 ../../../../../..//binary/armv7a/gcc/utils/Debug/libutils.a(uartStdio.o)
                0x402f7b8c                UARTStdioInit
 .text.UARTPuts
                0x402f7ba4       0xec ../../../../../..//binary/armv7a/gcc/utils/Debug/libutils.a(uartStdio.o)
                0x402f7ba4                UARTPuts
 .text.UARTPutc
                0x402f7c90       0x30 ../../../../../..//binary/armv7a/gcc/utils/Debug/libutils.a(uartStdio.o)
                0x402f7c90                UARTPutc
 .text.BoardInfoCheck
                0x402f7cc0      0x12c ../../../../../..//binary/armv7a/gcc/am335x/beaglebone/platform/Debug/libplatform.a(board.o)
                0x402f7cc0                BoardInfoCheck
 .text.EEPROMI2CSetUp
                0x402f7dec       0xec ../../../../../..//binary/armv7a/gcc/am335x/beaglebone/platform/Debug/libplatform.a(eeprom.o)
                0x402f7dec                EEPROMI2CSetUp
 .text.EEPROMI2CRead
                0x402f7ed8      0x294 ../../../../../..//binary/armv7a/gcc/am335x/beaglebone/platform/Debug/libplatform.a(eeprom.o)
                0x402f7ed8                EEPROMI2CRead
 .text.StatusClear
                0x402f816c       0x24 ../../../../../..//binary/armv7a/gcc/am335x/beaglebone/platform/Debug/libplatform.a(eeprom.o)
 .text.I2C0PinMux
                0x402f8190       0x34 ../../../../../..//binary/armv7a/gcc/am335x/beaglebone/platform/Debug/libplatform.a(eeprom.o)
 .text.BoardInfoRead
                0x402f81c4       0x40 ../../../../../..//binary/armv7a/gcc/am335x/beaglebone/platform/Debug/libplatform.a(eeprom.o)
                0x402f81c4                BoardInfoRead
 .text.GPIO0ModuleClkConfig
                0x402f8204      0x148 ../../../../../..//binary/armv7a/gcc/am335x/beaglebone/platform/Debug/libplatform.a(gpio.o)
                0x402f8204                GPIO0ModuleClkConfig
 .text.GpioPinMuxSetup
                0x402f834c       0x34 ../../../../../..//binary/armv7a/gcc/am335x/beaglebone/platform/Debug/libplatform.a(gpio.o)
                0x402f834c                GpioPinMuxSetup
 .text.HSMMCSDPinMuxSetup
                0x402f8380      0x124 ../../../../../..//binary/armv7a/gcc/am335x/beaglebone/platform/Debug/libplatform.a(hs_mmcsd.o)
                0x402f8380                HSMMCSDPinMuxSetup
 .text.HSMMCSDModuleClkConfig
                0x402f84a4       0xa0 ../../../../../..//binary/armv7a/gcc/am335x/beaglebone/platform/Debug/libplatform.a(hs_mmcsd.o)
                0x402f84a4                HSMMCSDModuleClkConfig
 .text.I2CPinMuxSetup
                0x402f8544       0x78 ../../../../../..//binary/armv7a/gcc/am335x/beaglebone/platform/Debug/libplatform.a(hsi2c.o)
                0x402f8544                I2CPinMuxSetup
 .text.I2C0ModuleClkConfig
                0x402f85bc      0x35c ../../../../../..//binary/armv7a/gcc/am335x/beaglebone/platform/Debug/libplatform.a(hsi2c.o)
                0x402f85bc                I2C0ModuleClkConfig
 .text.UARTStdioInitExpClk
                0x402f8918       0xd0 ../../../../../..//binary/armv7a/gcc/am335x/beaglebone/platform/Debug/libplatform.a(uartConsole.o)
 .text.UartFIFOConfigure
                0x402f89e8       0x64 ../../../../../..//binary/armv7a/gcc/am335x/beaglebone/platform/Debug/libplatform.a(uartConsole.o)
 .text.UartBaudRateSet
                0x402f8a4c       0x5c ../../../../../..//binary/armv7a/gcc/am335x/beaglebone/platform/Debug/libplatform.a(uartConsole.o)
 .text.UARTConsoleInit
                0x402f8aa8       0x44 ../../../../../..//binary/armv7a/gcc/am335x/beaglebone/platform/Debug/libplatform.a(uartConsole.o)
                0x402f8aa8                UARTConsoleInit
 .text.UARTConsolePutc
                0x402f8aec       0x38 ../../../../../..//binary/armv7a/gcc/am335x/beaglebone/platform/Debug/libplatform.a(uartConsole.o)
                0x402f8aec                UARTConsolePutc
 .text.UARTPinMuxSetup
                0x402f8b24       0x48 ../../../../../..//binary/armv7a/gcc/am335x/beaglebone/platform/Debug/libplatform.a(uart.o)
                0x402f8b24                UARTPinMuxSetup
 .text.UART0ModuleClkConfig
                0x402f8b6c      0x35c ../../../../../..//binary/armv7a/gcc/am335x/beaglebone/platform/Debug/libplatform.a(uart.o)
                0x402f8b6c                UART0ModuleClkConfig
 .text.HSMMCSDCardPresent
                0x402f8ec8       0x38 ../../../../../..//binary/armv7a/gcc/mmcsdlib/Debug/libmmcsd.a(hs_mmcsdlib.o)
                0x402f8ec8                HSMMCSDCardPresent
 .text.HSMMCSDIntEnable
                0x402f8f00       0x3c ../../../../../..//binary/armv7a/gcc/mmcsdlib/Debug/libmmcsd.a(hs_mmcsdlib.o)
                0x402f8f00                HSMMCSDIntEnable
 .text.HSMMCSDControllerInit
                0x402f8f3c      0x250 ../../../../../..//binary/armv7a/gcc/mmcsdlib/Debug/libmmcsd.a(hs_mmcsdlib.o)
                0x402f8f3c                HSMMCSDControllerInit
 .text.HSMMCSDCmdSend
                0x402f918c      0x258 ../../../../../..//binary/armv7a/gcc/mmcsdlib/Debug/libmmcsd.a(hs_mmcsdlib.o)
                0x402f918c                HSMMCSDCmdSend
 .text.HSMMCSDBusWidthConfig
                0x402f93e4       0x90 ../../../../../..//binary/armv7a/gcc/mmcsdlib/Debug/libmmcsd.a(hs_mmcsdlib.o)
                0x402f93e4                HSMMCSDBusWidthConfig
 .text.HSMMCSDBusFreqConfig
                0x402f9474       0x50 ../../../../../..//binary/armv7a/gcc/mmcsdlib/Debug/libmmcsd.a(hs_mmcsdlib.o)
                0x402f9474                HSMMCSDBusFreqConfig
 .text.unstuffBits
                0x402f94c4       0xf8 ../../../../../..//binary/armv7a/gcc/mmcsdlib/Debug/libmmcsd.a(mmcsd_proto.o)
                0x402f94c4                unstuffBits
 .text.decodeExtCsd
                0x402f95bc      0x8d4 ../../../../../..//binary/armv7a/gcc/mmcsdlib/Debug/libmmcsd.a(mmcsd_proto.o)
                0x402f95bc                decodeExtCsd
 .text.GetCSDParameters
                0x402f9e90      0x5c8 ../../../../../..//binary/armv7a/gcc/mmcsdlib/Debug/libmmcsd.a(mmcsd_proto.o)
                0x402f9e90                GetCSDParameters
 .text.getCID   0x402fa458      0x1e0 ../../../../../..//binary/armv7a/gcc/mmcsdlib/Debug/libmmcsd.a(mmcsd_proto.o)
                0x402fa458                getCID
 .text.MMCSDCmdSend
                0x402fa638       0x38 ../../../../../..//binary/armv7a/gcc/mmcsdlib/Debug/libmmcsd.a(mmcsd_proto.o)
                0x402fa638                MMCSDCmdSend
 .text.MMCSDAppCmdSend
                0x402fa670       0x98 ../../../../../..//binary/armv7a/gcc/mmcsdlib/Debug/libmmcsd.a(mmcsd_proto.o)
                0x402fa670                MMCSDAppCmdSend
 .text.MMCSDBusWidthSet
                0x402fa708      0x140 ../../../../../..//binary/armv7a/gcc/mmcsdlib/Debug/libmmcsd.a(mmcsd_proto.o)
                0x402fa708                MMCSDBusWidthSet
 .text.MMCSDTranSpeedSet
                0x402fa848      0x390 ../../../../../..//binary/armv7a/gcc/mmcsdlib/Debug/libmmcsd.a(mmcsd_proto.o)
                0x402fa848                MMCSDTranSpeedSet
 .text.MMCSDCardReset
                0x402fabd8       0x5c ../../../../../..//binary/armv7a/gcc/mmcsdlib/Debug/libmmcsd.a(mmcsd_proto.o)
                0x402fabd8                MMCSDCardReset
 .text.MMCSDStopCmdSend
                0x402fac34       0x6c ../../../../../..//binary/armv7a/gcc/mmcsdlib/Debug/libmmcsd.a(mmcsd_proto.o)
                0x402fac34                MMCSDStopCmdSend
 .text.MMCSDCardTypeCheck
                0x402faca0       0x54 ../../../../../..//binary/armv7a/gcc/mmcsdlib/Debug/libmmcsd.a(mmcsd_proto.o)
                0x402faca0                MMCSDCardTypeCheck
 .text.MMCSDCtrlInit
                0x402facf4       0x30 ../../../../../..//binary/armv7a/gcc/mmcsdlib/Debug/libmmcsd.a(mmcsd_proto.o)
                0x402facf4                MMCSDCtrlInit
 .text.MMCSDCardPresent
                0x402fad24       0x30 ../../../../../..//binary/armv7a/gcc/mmcsdlib/Debug/libmmcsd.a(mmcsd_proto.o)
                0x402fad24                MMCSDCardPresent
 .text.MMCSDIntEnable
                0x402fad54       0x2c ../../../../../..//binary/armv7a/gcc/mmcsdlib/Debug/libmmcsd.a(mmcsd_proto.o)
                0x402fad54                MMCSDIntEnable
 .text.MMCSDCardInit
                0x402fad80      0xc8c ../../../../../..//binary/armv7a/gcc/mmcsdlib/Debug/libmmcsd.a(mmcsd_proto.o)
                0x402fad80                MMCSDCardInit
 .text.MMCSDWriteCmdSend
                0x402fba0c      0x184 ../../../../../..//binary/armv7a/gcc/mmcsdlib/Debug/libmmcsd.a(mmcsd_proto.o)
                0x402fba0c                MMCSDWriteCmdSend
 .text.MMCSDReadCmdSend
                0x402fbb90      0x184 ../../../../../..//binary/armv7a/gcc/mmcsdlib/Debug/libmmcsd.a(mmcsd_proto.o)
                0x402fbb90                MMCSDReadCmdSend
 .text.mmc_switch
                0x402fbd14      0x190 ../../../../../..//binary/armv7a/gcc/mmcsdlib/Debug/libmmcsd.a(mmcsd_proto.o)
                0x402fbd14                mmc_switch
 .text.mmc_send_status
                0x402fbea4       0x88 ../../../../../..//binary/armv7a/gcc/mmcsdlib/Debug/libmmcsd.a(mmcsd_proto.o)
                0x402fbea4                mmc_send_status
 .text.memcpy   0x402fbf2c       0xf4 /home/thanasis/Programs/ti/ccsv6/tools/compiler/gcc-arm-none-eabi-4_7-2013q3/arm-none-eabi/lib//libc.a(lib_a-memcpy.o)
                0x402fbf2c                memcpy
 .text.memset   0x402fc020       0xf8 /home/thanasis/Programs/ti/ccsv6/tools/compiler/gcc-arm-none-eabi-4_7-2013q3/arm-none-eabi/lib//libc.a(lib_a-memset.o)
                0x402fc020                memset
 .text.strcmp   0x402fc118       0x94 /home/thanasis/Programs/ti/ccsv6/tools/compiler/gcc-arm-none-eabi-4_7-2013q3/arm-none-eabi/lib//libc.a(lib_a-strcmp.o)
                0x402fc118                strcmp
 .text.strcmp_unaligned
                0x402fc1ac      0x19c /home/thanasis/Programs/ti/ccsv6/tools/compiler/gcc-arm-none-eabi-4_7-2013q3/arm-none-eabi/lib//libc.a(lib_a-strcmp.o)
 .text          0x402fc348      0x114 /home/thanasis/Programs/ti/ccsv6/tools/compiler/gcc-arm-none-eabi-4_7-2013q3/lib/gcc/arm-none-eabi/4.7.4//libgcc.a(_udivsi3.o)
                0x402fc348                __udivsi3
                0x402fc348                __aeabi_uidiv
                0x402fc43c                __aeabi_uidivmod
 .text          0x402fc45c      0x148 /home/thanasis/Programs/ti/ccsv6/tools/compiler/gcc-arm-none-eabi-4_7-2013q3/lib/gcc/arm-none-eabi/4.7.4//libgcc.a(_divsi3.o)
                0x402fc45c                __aeabi_idiv
                0x402fc45c                __divsi3
                0x402fc584                __aeabi_idivmod
 .text          0x402fc5a4        0x4 /home/thanasis/Programs/ti/ccsv6/tools/compiler/gcc-arm-none-eabi-4_7-2013q3/lib/gcc/arm-none-eabi/4.7.4//libgcc.a(_dvmd_tls.o)
                0x402fc5a4                __aeabi_ldiv0
                0x402fc5a4                __aeabi_idiv0
 .text.UARTOperatingModeSelect
                0x402fc5a8       0x84 ../../../../../..//binary/armv7a/gcc/am335x/drivers/Debug/libdrivers.a(uart_irda_cir.o)
                0x402fc5a8                UARTOperatingModeSelect
 .text.UARTDivisorValCompute
                0x402fc62c      0x104 ../../../../../..//binary/armv7a/gcc/am335x/drivers/Debug/libdrivers.a(uart_irda_cir.o)
                0x402fc62c                UARTDivisorValCompute
 .text.UARTDivisorLatchWrite
                0x402fc730      0x210 ../../../../../..//binary/armv7a/gcc/am335x/drivers/Debug/libdrivers.a(uart_irda_cir.o)
                0x402fc730                UARTDivisorLatchWrite
 .text.UARTDivisorLatchDisable
                0x402fc940       0x38 ../../../../../..//binary/armv7a/gcc/am335x/drivers/Debug/libdrivers.a(uart_irda_cir.o)
                0x402fc940                UARTDivisorLatchDisable
 .text.UARTRegConfigModeEnable
                0x402fc978       0x9c ../../../../../..//binary/armv7a/gcc/am335x/drivers/Debug/libdrivers.a(uart_irda_cir.o)
                0x402fc978                UARTRegConfigModeEnable
 .text.UARTBreakCtl
                0x402fca14       0x60 ../../../../../..//binary/armv7a/gcc/am335x/drivers/Debug/libdrivers.a(uart_irda_cir.o)
                0x402fca14                UARTBreakCtl
 .text.UARTLineCharacConfig
                0x402fca74       0xa4 ../../../../../..//binary/armv7a/gcc/am335x/drivers/Debug/libdrivers.a(uart_irda_cir.o)
                0x402fca74                UARTLineCharacConfig
 .text.UARTFIFOConfig
                0x402fcb18      0x480 ../../../../../..//binary/armv7a/gcc/am335x/drivers/Debug/libdrivers.a(uart_irda_cir.o)
                0x402fcb18                UARTFIFOConfig
 .text.UARTFIFORegisterWrite
                0x402fcf98       0xc0 ../../../../../..//binary/armv7a/gcc/am335x/drivers/Debug/libdrivers.a(uart_irda_cir.o)
                0x402fcf98                UARTFIFORegisterWrite
 .text.UARTEnhanFuncEnable
                0x402fd058       0x88 ../../../../../..//binary/armv7a/gcc/am335x/drivers/Debug/libdrivers.a(uart_irda_cir.o)
                0x402fd058                UARTEnhanFuncEnable
 .text.UARTEnhanFuncBitValRestore
                0x402fd0e0       0x8c ../../../../../..//binary/armv7a/gcc/am335x/drivers/Debug/libdrivers.a(uart_irda_cir.o)
                0x402fd0e0                UARTEnhanFuncBitValRestore
 .text.UARTSubConfigTCRTLRModeEn
                0x402fd16c      0x124 ../../../../../..//binary/armv7a/gcc/am335x/drivers/Debug/libdrivers.a(uart_irda_cir.o)
                0x402fd16c                UARTSubConfigTCRTLRModeEn
 .text.UARTTCRTLRBitValRestore
                0x402fd290      0x128 ../../../../../..//binary/armv7a/gcc/am335x/drivers/Debug/libdrivers.a(uart_irda_cir.o)
                0x402fd290                UARTTCRTLRBitValRestore
 .text.UARTCharPut
                0x402fd3b8       0x78 ../../../../../..//binary/armv7a/gcc/am335x/drivers/Debug/libdrivers.a(uart_irda_cir.o)
                0x402fd3b8                UARTCharPut
 .text.UARTModuleReset
                0x402fd430       0x54 ../../../../../..//binary/armv7a/gcc/am335x/drivers/Debug/libdrivers.a(uart_irda_cir.o)
                0x402fd430                UARTModuleReset
 *(.rodata*)
 .rodata        0x402fd484       0x10 Debug_MMCSD/bl_copy.o
 .rodata        0x402fd494      0x168 Debug_MMCSD/bl_hsmmcsd.o
 .rodata        0x402fd5fc       0x4c Debug_MMCSD/bl_main.o
 .rodata        0x402fd648       0x28 Debug_MMCSD/bl_platform.o
 .rodata        0x402fd670       0x18 Debug_MMCSD/fat_mmcsd.o
 .rodata.ExCvt  0x402fd688       0x80 Debug_MMCSD/ff.o
 .rodata        0x402fd708       0x10 Debug_MMCSD/ff.o
 .rodata        0x402fd718       0x30 ../../../../../..//binary/armv7a/gcc/am335x/beaglebone/platform/Debug/libplatform.a(board.o)
 .rodata        0x402fd748       0x60 ../../../../../..//binary/armv7a/gcc/mmcsdlib/Debug/libmmcsd.a(hs_mmcsdlib.o)
 .rodata        0x402fd7a8       0xe8 ../../../../../..//binary/armv7a/gcc/mmcsdlib/Debug/libmmcsd.a(mmcsd_proto.o)

.glue_7         0x402fd890        0x0
 .glue_7        0x00000000        0x0 linker stubs

.glue_7t        0x402fd890        0x0
 .glue_7t       0x00000000        0x0 linker stubs

.vfp11_veneer   0x402fd890        0x0
 .vfp11_veneer  0x00000000        0x0 linker stubs

.v4_bx          0x402fd890        0x0
 .v4_bx         0x00000000        0x0 linker stubs

.iplt           0x402fd890        0x0
 .iplt          0x00000000        0x0 Debug_MMCSD/bl_copy.o

.rel.dyn        0x402fd890        0x0
 .rel.iplt      0x00000000        0x0 Debug_MMCSD/bl_copy.o

.data           0x402fd890       0x58
                0x402fd890                . = ALIGN (0x4)
 *(.data*)
 .data.deviceType
                0x402fd890        0x4 Debug_MMCSD/bl_platform.o
                0x402fd890                deviceType
 .data.oppTable
                0x402fd894       0x50 Debug_MMCSD/bl_platform.o
                0x402fd894                oppTable
 .data.boardId  0x402fd8e4        0x4 ../../../../../..//binary/armv7a/gcc/utils/Debug/libutils.a(board.o)
                0x402fd8e4                boardId

.igot.plt       0x402fd8e8        0x0
 .igot.plt      0x00000000        0x0 Debug_MMCSD/bl_copy.o

.bss            0x402fd900      0x89a
                0x402fd900                . = ALIGN (0x4)
                0x402fd900                _bss_start = .
 *(.bss*)
 .bss.xferPend  0x402fd900        0x4 Debug_MMCSD/bl_hsmmcsd.o
                0x402fd900                xferPend
 .bss.cmdCompFlag
                0x402fd904        0x4 Debug_MMCSD/bl_hsmmcsd.o
                0x402fd904                cmdCompFlag
 .bss.cmdTimeout
                0x402fd908        0x4 Debug_MMCSD/bl_hsmmcsd.o
                0x402fd908                cmdTimeout
 .bss.errFlag   0x402fd90c        0x4 Debug_MMCSD/bl_hsmmcsd.o
                0x402fd90c                errFlag
 .bss.hsmmcsd_dataLen
                0x402fd910        0x4 Debug_MMCSD/bl_hsmmcsd.o
                0x402fd910                hsmmcsd_dataLen
 .bss.hsmmcsd_buffer
                0x402fd914        0x4 Debug_MMCSD/bl_hsmmcsd.o
                0x402fd914                hsmmcsd_buffer
 *fill*         0x402fd918        0x8 00
 .bss.g_cTmpBuf
                0x402fd920      0x200 Debug_MMCSD/bl_hsmmcsd.o
 *fill*         0x402fdb20       0x20 00
 .bss.g_sFatFs  0x402fdb40      0x240 Debug_MMCSD/bl_hsmmcsd.o
 .bss.g_sFileObject
                0x402fdd80       0x24 Debug_MMCSD/bl_hsmmcsd.o
 .bss.appEntry  0x402fdda4        0x4 Debug_MMCSD/bl_main.o
 .bss.entryPoint
                0x402fdda8        0x4 Debug_MMCSD/bl_main.o
                0x402fdda8                entryPoint
 .bss.isBBB     0x402fddac        0x1 Debug_MMCSD/bl_platform.o
                0x402fddac                isBBB
 *fill*         0x402fddad        0x3 00
 .bss.FatFs     0x402fddb0        0x8 Debug_MMCSD/ff.o
 .bss.Fsid      0x402fddb8        0x2 Debug_MMCSD/ff.o
 *fill*         0x402fddba       0x46 00
 .bss.dataBuffer
                0x402fde00      0x200 ../../../../../..//binary/armv7a/gcc/mmcsdlib/Debug/libmmcsd.a(mmcsd_proto.o)
 *(COMMON)
 COMMON         0x402fe000       0xb0 Debug_MMCSD/bl_hsmmcsd.o
                0x402fe000                sdCard
                0x402fe060                ctrlInfo
 COMMON         0x402fe0b0       0x20 Debug_MMCSD/bl_platform.o
                0x402fe0b0                dataToSlave
                0x402fe0b4                rCount
                0x402fe0b8                numOfBytes
                0x402fe0bc                tCount
                0x402fe0c0                oppMaxIdx
                0x402fe0c4                deviceVersion
                0x402fe0c8                dataFromSlave
                0x402fe0cc                freqMultDDR
 COMMON         0x402fe0d0       0x18 Debug_MMCSD/fat_mmcsd.o
                0x402fe0d0                fat_devices
 COMMON         0x402fe0e8       0x11 ../../../../../..//binary/armv7a/gcc/utils/Debug/libutils.a(board.o)
                0x402fe0e8                boardName
                0x402fe0f0                boardData
                0x402fe0f4                boardVersion
 *fill*         0x402fe0f9        0x3 00
 COMMON         0x402fe0fc       0x9e ../../../../../..//binary/armv7a/gcc/mmcsdlib/Debug/libmmcsd.a(mmcsd_proto.o)
                0x402fe0fc                extCsd
                0x402fe160                cardCid
                0x402fe174                CSDInfo
                0x402fe19a                _bss_end = .

.heap           0x402fe19a      0x802
                0x402fe19c                . = ALIGN (0x4)
 *fill*         0x402fe19a        0x2 00
                0x402fe19c                __end__ = .
                0x402fe19c                end = __end__
                0x402fe19c                __HeapBase = __end__
 *(.heap*)
                0x402fe99c                . = (. + 0x800)
 *fill*         0x402fe19c      0x800 00
                0x402fe99c                __HeapLimit = .

.stack          0x402fe99c      0x864
                0x402fea00                . = ALIGN (0x100)
 *fill*         0x402fe99c       0x64 00
                0x402fea00                __StackLimit = .
 *(.stack*)
                0x402ff200                . = (. + 0x800)
 *fill*         0x402fea00      0x800 00
                0x402ff200                __StackTop = .
                0x402ff200                _stack = __StackTop
LOAD ../../../../../..//binary/armv7a/gcc/am335x/drivers/Debug/libdrivers.a
LOAD ../../../../../..//binary/armv7a/gcc/utils/Debug/libutils.a
LOAD ../../../../../..//binary/armv7a/gcc/am335x/beaglebone/platform/Debug/libplatform.a
LOAD ../../../../../..//binary/armv7a/gcc/mmcsdlib/Debug/libmmcsd.a
LOAD /home/thanasis/Programs/ti/ccsv6/tools/compiler/gcc-arm-none-eabi-4_7-2013q3/arm-none-eabi/lib//libc.a
LOAD /home/thanasis/Programs/ti/ccsv6/tools/compiler/gcc-arm-none-eabi-4_7-2013q3/lib/gcc/arm-none-eabi/4.7.4//libgcc.a
LOAD ../../../../../..//binary/armv7a/gcc/am335x/drivers/Debug/libdrivers.a
LOAD ../../../../../..//binary/armv7a/gcc/utils/Debug/libutils.a
LOAD ../../../../../..//binary/armv7a/gcc/am335x/beaglebone/platform/Debug/libplatform.a
LOAD ../../../../../..//binary/armv7a/gcc/mmcsdlib/Debug/libmmcsd.a
LOAD /home/thanasis/Programs/ti/ccsv6/tools/compiler/gcc-arm-none-eabi-4_7-2013q3/arm-none-eabi/lib//libc.a
LOAD /home/thanasis/Programs/ti/ccsv6/tools/compiler/gcc-arm-none-eabi-4_7-2013q3/lib/gcc/arm-none-eabi/4.7.4//libgcc.a
OUTPUT(Debug_MMCSD/boot.out elf32-littlearm)

.debug_info     0x00000000     0x8a92
 .debug_info    0x00000000       0x7d Debug_MMCSD/bl_copy.o
 .debug_info    0x0000007d      0xa61 Debug_MMCSD/bl_hsmmcsd.o
 .debug_info    0x00000ade       0xb9 Debug_MMCSD/bl_init.o
 .debug_info    0x00000b97       0xea Debug_MMCSD/bl_main.o
 .debug_info    0x00000c81      0x66e Debug_MMCSD/bl_platform.o
 .debug_info    0x000012ef      0x1b3 Debug_MMCSD/cache.o
 .debug_info    0x000014a2       0xb6 Debug_MMCSD/cp15.o
 .debug_info    0x00001558       0x7f Debug_MMCSD/device.o
 .debug_info    0x000015d7      0x77a Debug_MMCSD/fat_mmcsd.o
 .debug_info    0x00001d51     0x1926 Debug_MMCSD/ff.o
 .debug_info    0x00003677      0x7b3 ../../../../../..//binary/armv7a/gcc/am335x/drivers/Debug/libdrivers.a(gpio_v2.o)
 .debug_info    0x00003e2a      0x7fb ../../../../../..//binary/armv7a/gcc/am335x/drivers/Debug/libdrivers.a(hs_mmcsd.o)
 .debug_info    0x00004625      0xa6d ../../../../../..//binary/armv7a/gcc/am335x/drivers/Debug/libdrivers.a(hsi2c.o)
 .debug_info    0x00005092      0x1bc ../../../../../..//binary/armv7a/gcc/utils/Debug/libutils.a(board.o)
 .debug_info    0x0000524e      0x69a ../../../../../..//binary/armv7a/gcc/utils/Debug/libutils.a(uartStdio.o)
 .debug_info    0x000058e8       0xbb ../../../../../..//binary/armv7a/gcc/am335x/beaglebone/platform/Debug/libplatform.a(board.o)
 .debug_info    0x000059a3      0x117 ../../../../../..//binary/armv7a/gcc/am335x/beaglebone/platform/Debug/libplatform.a(eeprom.o)
 .debug_info    0x00005aba      0x10e ../../../../../..//binary/armv7a/gcc/am335x/beaglebone/platform/Debug/libplatform.a(gpio.o)
 .debug_info    0x00005bc8       0x73 ../../../../../..//binary/armv7a/gcc/am335x/beaglebone/platform/Debug/libplatform.a(hs_mmcsd.o)
 .debug_info    0x00005c3b       0x94 ../../../../../..//binary/armv7a/gcc/am335x/beaglebone/platform/Debug/libplatform.a(hsi2c.o)
 .debug_info    0x00005ccf      0x156 ../../../../../..//binary/armv7a/gcc/am335x/beaglebone/platform/Debug/libplatform.a(uartConsole.o)
 .debug_info    0x00005e25       0xac ../../../../../..//binary/armv7a/gcc/am335x/beaglebone/platform/Debug/libplatform.a(uart.o)
 .debug_info    0x00005ed1      0x56e ../../../../../..//binary/armv7a/gcc/mmcsdlib/Debug/libmmcsd.a(hs_mmcsdlib.o)
 .debug_info    0x0000643f     0x1199 ../../../../../..//binary/armv7a/gcc/mmcsdlib/Debug/libmmcsd.a(mmcsd_proto.o)
 .debug_info    0x000075d8     0x14ba ../../../../../..//binary/armv7a/gcc/am335x/drivers/Debug/libdrivers.a(uart_irda_cir.o)

.debug_abbrev   0x00000000     0x16c5
 .debug_abbrev  0x00000000       0x60 Debug_MMCSD/bl_copy.o
 .debug_abbrev  0x00000060      0x21c Debug_MMCSD/bl_hsmmcsd.o
 .debug_abbrev  0x0000027c       0x14 Debug_MMCSD/bl_init.o
 .debug_abbrev  0x00000290       0xb2 Debug_MMCSD/bl_main.o
 .debug_abbrev  0x00000342      0x182 Debug_MMCSD/bl_platform.o
 .debug_abbrev  0x000004c4       0x7a Debug_MMCSD/cache.o
 .debug_abbrev  0x0000053e       0x14 Debug_MMCSD/cp15.o
 .debug_abbrev  0x00000552       0x66 Debug_MMCSD/device.o
 .debug_abbrev  0x000005b8      0x16f Debug_MMCSD/fat_mmcsd.o
 .debug_abbrev  0x00000727      0x1a1 Debug_MMCSD/ff.o
 .debug_abbrev  0x000008c8      0x124 ../../../../../..//binary/armv7a/gcc/am335x/drivers/Debug/libdrivers.a(gpio_v2.o)
 .debug_abbrev  0x000009ec      0x1a0 ../../../../../..//binary/armv7a/gcc/am335x/drivers/Debug/libdrivers.a(hs_mmcsd.o)
 .debug_abbrev  0x00000b8c      0x14d ../../../../../..//binary/armv7a/gcc/am335x/drivers/Debug/libdrivers.a(hsi2c.o)
 .debug_abbrev  0x00000cd9       0xbd ../../../../../..//binary/armv7a/gcc/utils/Debug/libutils.a(board.o)
 .debug_abbrev  0x00000d96      0x186 ../../../../../..//binary/armv7a/gcc/utils/Debug/libutils.a(uartStdio.o)
 .debug_abbrev  0x00000f1c       0x5e ../../../../../..//binary/armv7a/gcc/am335x/beaglebone/platform/Debug/libplatform.a(board.o)
 .debug_abbrev  0x00000f7a       0xa6 ../../../../../..//binary/armv7a/gcc/am335x/beaglebone/platform/Debug/libplatform.a(eeprom.o)
 .debug_abbrev  0x00001020       0x7a ../../../../../..//binary/armv7a/gcc/am335x/beaglebone/platform/Debug/libplatform.a(gpio.o)
 .debug_abbrev  0x0000109a       0x60 ../../../../../..//binary/armv7a/gcc/am335x/beaglebone/platform/Debug/libplatform.a(hs_mmcsd.o)
 .debug_abbrev  0x000010fa       0x62 ../../../../../..//binary/armv7a/gcc/am335x/beaglebone/platform/Debug/libplatform.a(hsi2c.o)
 .debug_abbrev  0x0000115c       0xa3 ../../../../../..//binary/armv7a/gcc/am335x/beaglebone/platform/Debug/libplatform.a(uartConsole.o)
 .debug_abbrev  0x000011ff       0x7a ../../../../../..//binary/armv7a/gcc/am335x/beaglebone/platform/Debug/libplatform.a(uart.o)
 .debug_abbrev  0x00001279      0x13e ../../../../../..//binary/armv7a/gcc/mmcsdlib/Debug/libmmcsd.a(hs_mmcsdlib.o)
 .debug_abbrev  0x000013b7      0x1c0 ../../../../../..//binary/armv7a/gcc/mmcsdlib/Debug/libmmcsd.a(mmcsd_proto.o)
 .debug_abbrev  0x00001577      0x14e ../../../../../..//binary/armv7a/gcc/am335x/drivers/Debug/libdrivers.a(uart_irda_cir.o)

.debug_loc      0x00000000     0x3c8c
 .debug_loc     0x00000000       0x58 Debug_MMCSD/bl_copy.o
 .debug_loc     0x00000058      0x160 Debug_MMCSD/bl_hsmmcsd.o
 .debug_loc     0x000001b8       0x58 Debug_MMCSD/bl_main.o
 .debug_loc     0x00000210      0x4fc Debug_MMCSD/bl_platform.o
 .debug_loc     0x0000070c      0x1b8 Debug_MMCSD/cache.o
 .debug_loc     0x000008c4       0x58 Debug_MMCSD/device.o
 .debug_loc     0x0000091c      0x108 Debug_MMCSD/fat_mmcsd.o
 .debug_loc     0x00000a24      0x7e8 Debug_MMCSD/ff.o
 .debug_loc     0x0000120c      0x4fc ../../../../../..//binary/armv7a/gcc/am335x/drivers/Debug/libdrivers.a(gpio_v2.o)
 .debug_loc     0x00001708      0x4d0 ../../../../../..//binary/armv7a/gcc/am335x/drivers/Debug/libdrivers.a(hs_mmcsd.o)
 .debug_loc     0x00001bd8      0x7bc ../../../../../..//binary/armv7a/gcc/am335x/drivers/Debug/libdrivers.a(hsi2c.o)
 .debug_loc     0x00002394       0xb0 ../../../../../..//binary/armv7a/gcc/utils/Debug/libutils.a(board.o)
 .debug_loc     0x00002444      0x274 ../../../../../..//binary/armv7a/gcc/utils/Debug/libutils.a(uartStdio.o)
 .debug_loc     0x000026b8       0x2c ../../../../../..//binary/armv7a/gcc/am335x/beaglebone/platform/Debug/libplatform.a(board.o)
 .debug_loc     0x000026e4       0xdc ../../../../../..//binary/armv7a/gcc/am335x/beaglebone/platform/Debug/libplatform.a(eeprom.o)
 .debug_loc     0x000027c0      0x134 ../../../../../..//binary/armv7a/gcc/am335x/beaglebone/platform/Debug/libplatform.a(gpio.o)
 .debug_loc     0x000028f4       0x58 ../../../../../..//binary/armv7a/gcc/am335x/beaglebone/platform/Debug/libplatform.a(hs_mmcsd.o)
 .debug_loc     0x0000294c       0x84 ../../../../../..//binary/armv7a/gcc/am335x/beaglebone/platform/Debug/libplatform.a(hsi2c.o)
 .debug_loc     0x000029d0      0x108 ../../../../../..//binary/armv7a/gcc/am335x/beaglebone/platform/Debug/libplatform.a(uartConsole.o)
 .debug_loc     0x00002ad8       0xb0 ../../../../../..//binary/armv7a/gcc/am335x/beaglebone/platform/Debug/libplatform.a(uart.o)
 .debug_loc     0x00002b88      0x108 ../../../../../..//binary/armv7a/gcc/mmcsdlib/Debug/libmmcsd.a(hs_mmcsdlib.o)
 .debug_loc     0x00002c90      0x344 ../../../../../..//binary/armv7a/gcc/mmcsdlib/Debug/libmmcsd.a(mmcsd_proto.o)
 .debug_loc     0x00002fd4      0xcb8 ../../../../../..//binary/armv7a/gcc/am335x/drivers/Debug/libdrivers.a(uart_irda_cir.o)

.debug_aranges  0x00000000      0xd68
 .debug_aranges
                0x00000000       0x28 Debug_MMCSD/bl_copy.o
 .debug_aranges
                0x00000028       0x58 Debug_MMCSD/bl_hsmmcsd.o
 .debug_aranges
                0x00000080       0x20 Debug_MMCSD/bl_init.o
 .debug_aranges
                0x000000a0       0x28 Debug_MMCSD/bl_main.o
 .debug_aranges
                0x000000c8      0x100 Debug_MMCSD/bl_platform.o
 .debug_aranges
                0x000001c8       0x68 Debug_MMCSD/cache.o
 .debug_aranges
                0x00000230       0x20 Debug_MMCSD/cp15.o
 .debug_aranges
                0x00000250       0x28 Debug_MMCSD/device.o
 .debug_aranges
                0x00000278       0x48 Debug_MMCSD/fat_mmcsd.o
 .debug_aranges
                0x000002c0      0x188 Debug_MMCSD/ff.o
 .debug_aranges
                0x00000448      0x100 ../../../../../..//binary/armv7a/gcc/am335x/drivers/Debug/libdrivers.a(gpio_v2.o)
 .debug_aranges
                0x00000548       0xf8 ../../../../../..//binary/armv7a/gcc/am335x/drivers/Debug/libdrivers.a(hs_mmcsd.o)
 .debug_aranges
                0x00000640      0x180 ../../../../../..//binary/armv7a/gcc/am335x/drivers/Debug/libdrivers.a(hsi2c.o)
 .debug_aranges
                0x000007c0       0x38 ../../../../../..//binary/armv7a/gcc/utils/Debug/libutils.a(board.o)
 .debug_aranges
                0x000007f8       0x88 ../../../../../..//binary/armv7a/gcc/utils/Debug/libutils.a(uartStdio.o)
 .debug_aranges
                0x00000880       0x20 ../../../../../..//binary/armv7a/gcc/am335x/beaglebone/platform/Debug/libplatform.a(board.o)
 .debug_aranges
                0x000008a0       0x40 ../../../../../..//binary/armv7a/gcc/am335x/beaglebone/platform/Debug/libplatform.a(eeprom.o)
 .debug_aranges
                0x000008e0       0x50 ../../../../../..//binary/armv7a/gcc/am335x/beaglebone/platform/Debug/libplatform.a(gpio.o)
 .debug_aranges
                0x00000930       0x28 ../../../../../..//binary/armv7a/gcc/am335x/beaglebone/platform/Debug/libplatform.a(hs_mmcsd.o)
 .debug_aranges
                0x00000958       0x30 ../../../../../..//binary/armv7a/gcc/am335x/beaglebone/platform/Debug/libplatform.a(hsi2c.o)
 .debug_aranges
                0x00000988       0x48 ../../../../../..//binary/armv7a/gcc/am335x/beaglebone/platform/Debug/libplatform.a(uartConsole.o)
 .debug_aranges
                0x000009d0       0x38 ../../../../../..//binary/armv7a/gcc/am335x/beaglebone/platform/Debug/libplatform.a(uart.o)
 .debug_aranges
                0x00000a08       0x48 ../../../../../..//binary/armv7a/gcc/mmcsdlib/Debug/libmmcsd.a(hs_mmcsdlib.o)
 .debug_aranges
                0x00000a50       0xb0 ../../../../../..//binary/armv7a/gcc/mmcsdlib/Debug/libmmcsd.a(mmcsd_proto.o)
 .debug_aranges
                0x00000b00      0x268 ../../../../../..//binary/armv7a/gcc/am335x/drivers/Debug/libdrivers.a(uart_irda_cir.o)

.debug_ranges   0x00000000      0xbb8
 .debug_ranges  0x00000000       0x18 Debug_MMCSD/bl_copy.o
 .debug_ranges  0x00000018       0x48 Debug_MMCSD/bl_hsmmcsd.o
 .debug_ranges  0x00000060       0x18 Debug_MMCSD/bl_main.o
 .debug_ranges  0x00000078       0xf0 Debug_MMCSD/bl_platform.o
 .debug_ranges  0x00000168       0x58 Debug_MMCSD/cache.o
 .debug_ranges  0x000001c0       0x18 Debug_MMCSD/device.o
 .debug_ranges  0x000001d8       0x38 Debug_MMCSD/fat_mmcsd.o
 .debug_ranges  0x00000210      0x178 Debug_MMCSD/ff.o
 .debug_ranges  0x00000388       0xf0 ../../../../../..//binary/armv7a/gcc/am335x/drivers/Debug/libdrivers.a(gpio_v2.o)
 .debug_ranges  0x00000478       0xe8 ../../../../../..//binary/armv7a/gcc/am335x/drivers/Debug/libdrivers.a(hs_mmcsd.o)
 .debug_ranges  0x00000560      0x170 ../../../../../..//binary/armv7a/gcc/am335x/drivers/Debug/libdrivers.a(hsi2c.o)
 .debug_ranges  0x000006d0       0x28 ../../../../../..//binary/armv7a/gcc/utils/Debug/libutils.a(board.o)
 .debug_ranges  0x000006f8       0x78 ../../../../../..//binary/armv7a/gcc/utils/Debug/libutils.a(uartStdio.o)
 .debug_ranges  0x00000770       0x10 ../../../../../..//binary/armv7a/gcc/am335x/beaglebone/platform/Debug/libplatform.a(board.o)
 .debug_ranges  0x00000780       0x30 ../../../../../..//binary/armv7a/gcc/am335x/beaglebone/platform/Debug/libplatform.a(eeprom.o)
 .debug_ranges  0x000007b0       0x40 ../../../../../..//binary/armv7a/gcc/am335x/beaglebone/platform/Debug/libplatform.a(gpio.o)
 .debug_ranges  0x000007f0       0x18 ../../../../../..//binary/armv7a/gcc/am335x/beaglebone/platform/Debug/libplatform.a(hs_mmcsd.o)
 .debug_ranges  0x00000808       0x20 ../../../../../..//binary/armv7a/gcc/am335x/beaglebone/platform/Debug/libplatform.a(hsi2c.o)
 .debug_ranges  0x00000828       0x38 ../../../../../..//binary/armv7a/gcc/am335x/beaglebone/platform/Debug/libplatform.a(uartConsole.o)
 .debug_ranges  0x00000860       0x28 ../../../../../..//binary/armv7a/gcc/am335x/beaglebone/platform/Debug/libplatform.a(uart.o)
 .debug_ranges  0x00000888       0x38 ../../../../../..//binary/armv7a/gcc/mmcsdlib/Debug/libmmcsd.a(hs_mmcsdlib.o)
 .debug_ranges  0x000008c0       0xa0 ../../../../../..//binary/armv7a/gcc/mmcsdlib/Debug/libmmcsd.a(mmcsd_proto.o)
 .debug_ranges  0x00000960      0x258 ../../../../../..//binary/armv7a/gcc/am335x/drivers/Debug/libdrivers.a(uart_irda_cir.o)

.debug_line     0x00000000     0x4115
 .debug_line    0x00000000       0x75 Debug_MMCSD/bl_copy.o
 .debug_line    0x00000075      0x25f Debug_MMCSD/bl_hsmmcsd.o
 .debug_line    0x000002d4       0x8b Debug_MMCSD/bl_init.o
 .debug_line    0x0000035f       0x7c Debug_MMCSD/bl_main.o
 .debug_line    0x000003db      0x571 Debug_MMCSD/bl_platform.o
 .debug_line    0x0000094c      0x110 Debug_MMCSD/cache.o
 .debug_line    0x00000a5c      0x18d Debug_MMCSD/cp15.o
 .debug_line    0x00000be9       0x7b Debug_MMCSD/device.o
 .debug_line    0x00000c64      0x163 Debug_MMCSD/fat_mmcsd.o
 .debug_line    0x00000dc7      0xceb Debug_MMCSD/ff.o
 .debug_line    0x00001ab2      0x2fe ../../../../../..//binary/armv7a/gcc/am335x/drivers/Debug/libdrivers.a(gpio_v2.o)
 .debug_line    0x00001db0      0x338 ../../../../../..//binary/armv7a/gcc/am335x/drivers/Debug/libdrivers.a(hs_mmcsd.o)
 .debug_line    0x000020e8      0x3f3 ../../../../../..//binary/armv7a/gcc/am335x/drivers/Debug/libdrivers.a(hsi2c.o)
 .debug_line    0x000024db       0xce ../../../../../..//binary/armv7a/gcc/utils/Debug/libutils.a(board.o)
 .debug_line    0x000025a9      0x653 ../../../../../..//binary/armv7a/gcc/utils/Debug/libutils.a(uartStdio.o)
 .debug_line    0x00002bfc       0x72 ../../../../../..//binary/armv7a/gcc/am335x/beaglebone/platform/Debug/libplatform.a(board.o)
 .debug_line    0x00002c6e      0x100 ../../../../../..//binary/armv7a/gcc/am335x/beaglebone/platform/Debug/libplatform.a(eeprom.o)
 .debug_line    0x00002d6e      0x1c4 ../../../../../..//binary/armv7a/gcc/am335x/beaglebone/platform/Debug/libplatform.a(gpio.o)
 .debug_line    0x00002f32       0x98 ../../../../../..//binary/armv7a/gcc/am335x/beaglebone/platform/Debug/libplatform.a(hs_mmcsd.o)
 .debug_line    0x00002fca      0x1e7 ../../../../../..//binary/armv7a/gcc/am335x/beaglebone/platform/Debug/libplatform.a(hsi2c.o)
 .debug_line    0x000031b1       0xd2 ../../../../../..//binary/armv7a/gcc/am335x/beaglebone/platform/Debug/libplatform.a(uartConsole.o)
 .debug_line    0x00003283      0x1ae ../../../../../..//binary/armv7a/gcc/am335x/beaglebone/platform/Debug/libplatform.a(uart.o)
 .debug_line    0x00003431      0x13f ../../../../../..//binary/armv7a/gcc/mmcsdlib/Debug/libmmcsd.a(hs_mmcsdlib.o)
 .debug_line    0x00003570      0x463 ../../../../../..//binary/armv7a/gcc/mmcsdlib/Debug/libmmcsd.a(mmcsd_proto.o)
 .debug_line    0x000039d3      0x742 ../../../../../..//binary/armv7a/gcc/am335x/drivers/Debug/libdrivers.a(uart_irda_cir.o)

.debug_str      0x00000000     0x2ff2
 .debug_str     0x00000000       0xfc Debug_MMCSD/bl_copy.o
                                0x113 (size before relaxing)
 .debug_str     0x000000fc      0x56e Debug_MMCSD/bl_hsmmcsd.o
                                0x6b2 (size before relaxing)
 .debug_str     0x0000066a       0x61 Debug_MMCSD/bl_main.o
                                0x13e (size before relaxing)
 .debug_str     0x000006cb      0x302 Debug_MMCSD/bl_platform.o
                                0x466 (size before relaxing)
 .debug_str     0x000009cd      0x127 Debug_MMCSD/cache.o
                                0x1d8 (size before relaxing)
 .debug_str     0x00000af4       0x5d Debug_MMCSD/device.o
                                0x12a (size before relaxing)
 .debug_str     0x00000b51       0xde Debug_MMCSD/fat_mmcsd.o
                                0x435 (size before relaxing)
 .debug_str     0x00000c2f      0x29f Debug_MMCSD/ff.o
                                0x63e (size before relaxing)
 .debug_str     0x00000ece      0x356 ../../../../../..//binary/armv7a/gcc/am335x/drivers/Debug/libdrivers.a(gpio_v2.o)
                                0x3cb (size before relaxing)
 .debug_str     0x00001224      0x2e6 ../../../../../..//binary/armv7a/gcc/am335x/drivers/Debug/libdrivers.a(hs_mmcsd.o)
                                0x3de (size before relaxing)
 .debug_str     0x0000150a      0x424 ../../../../../..//binary/armv7a/gcc/am335x/drivers/Debug/libdrivers.a(hsi2c.o)
                                0x507 (size before relaxing)
 .debug_str     0x0000192e       0xe8 ../../../../../..//binary/armv7a/gcc/utils/Debug/libutils.a(board.o)
                                0x16c (size before relaxing)
 .debug_str     0x00001a16      0x1c7 ../../../../../..//binary/armv7a/gcc/utils/Debug/libutils.a(uartStdio.o)
                                0x2a8 (size before relaxing)
 .debug_str     0x00001bdd       0xa0 ../../../../../..//binary/armv7a/gcc/am335x/beaglebone/platform/Debug/libplatform.a(board.o)
                                0x183 (size before relaxing)
 .debug_str     0x00001c7d       0x7e ../../../../../..//binary/armv7a/gcc/am335x/beaglebone/platform/Debug/libplatform.a(eeprom.o)
                                0x168 (size before relaxing)
 .debug_str     0x00001cfb       0xd7 ../../../../../..//binary/armv7a/gcc/am335x/beaglebone/platform/Debug/libplatform.a(gpio.o)
                                0x19d (size before relaxing)
 .debug_str     0x00001dd2       0x62 ../../../../../..//binary/armv7a/gcc/am335x/beaglebone/platform/Debug/libplatform.a(hs_mmcsd.o)
                                0x11f (size before relaxing)
 .debug_str     0x00001e34       0x6f ../../../../../..//binary/armv7a/gcc/am335x/beaglebone/platform/Debug/libplatform.a(hsi2c.o)
                                0x135 (size before relaxing)
 .debug_str     0x00001ea3       0xd4 ../../../../../..//binary/armv7a/gcc/am335x/beaglebone/platform/Debug/libplatform.a(uartConsole.o)
                                0x19f (size before relaxing)
 .debug_str     0x00001f77       0x89 ../../../../../..//binary/armv7a/gcc/am335x/beaglebone/platform/Debug/libplatform.a(uart.o)
                                0x14f (size before relaxing)
 .debug_str     0x00002000      0x10a ../../../../../..//binary/armv7a/gcc/mmcsdlib/Debug/libmmcsd.a(hs_mmcsdlib.o)
                                0x356 (size before relaxing)
 .debug_str     0x0000210a      0x68e ../../../../../..//binary/armv7a/gcc/mmcsdlib/Debug/libmmcsd.a(mmcsd_proto.o)
                                0x9e0 (size before relaxing)
 .debug_str     0x00002798      0x85a ../../../../../..//binary/armv7a/gcc/am335x/drivers/Debug/libdrivers.a(uart_irda_cir.o)
                                0x971 (size before relaxing)

.comment        0x00000000       0x70
 .comment       0x00000000       0x70 Debug_MMCSD/bl_copy.o
                                 0x71 (size before relaxing)
 .comment       0x00000000       0x71 Debug_MMCSD/bl_hsmmcsd.o
 .comment       0x00000000       0x71 Debug_MMCSD/bl_main.o
 .comment       0x00000000       0x71 Debug_MMCSD/bl_platform.o
 .comment       0x00000000       0x71 Debug_MMCSD/cache.o
 .comment       0x00000000       0x71 Debug_MMCSD/device.o
 .comment       0x00000000       0x71 Debug_MMCSD/fat_mmcsd.o
 .comment       0x00000000       0x71 Debug_MMCSD/ff.o
 .comment       0x00000000       0x71 ../../../../../..//binary/armv7a/gcc/am335x/drivers/Debug/libdrivers.a(gpio_v2.o)
 .comment       0x00000000       0x71 ../../../../../..//binary/armv7a/gcc/am335x/drivers/Debug/libdrivers.a(hs_mmcsd.o)
 .comment       0x00000000       0x71 ../../../../../..//binary/armv7a/gcc/am335x/drivers/Debug/libdrivers.a(hsi2c.o)
 .comment       0x00000000       0x71 ../../../../../..//binary/armv7a/gcc/utils/Debug/libutils.a(board.o)
 .comment       0x00000000       0x71 ../../../../../..//binary/armv7a/gcc/utils/Debug/libutils.a(uartStdio.o)
 .comment       0x00000000       0x71 ../../../../../..//binary/armv7a/gcc/am335x/beaglebone/platform/Debug/libplatform.a(board.o)
 .comment       0x00000000       0x71 ../../../../../..//binary/armv7a/gcc/am335x/beaglebone/platform/Debug/libplatform.a(eeprom.o)
 .comment       0x00000000       0x71 ../../../../../..//binary/armv7a/gcc/am335x/beaglebone/platform/Debug/libplatform.a(gpio.o)
 .comment       0x00000000       0x71 ../../../../../..//binary/armv7a/gcc/am335x/beaglebone/platform/Debug/libplatform.a(hs_mmcsd.o)
 .comment       0x00000000       0x71 ../../../../../..//binary/armv7a/gcc/am335x/beaglebone/platform/Debug/libplatform.a(hsi2c.o)
 .comment       0x00000000       0x71 ../../../../../..//binary/armv7a/gcc/am335x/beaglebone/platform/Debug/libplatform.a(uartConsole.o)
 .comment       0x00000000       0x71 ../../../../../..//binary/armv7a/gcc/am335x/beaglebone/platform/Debug/libplatform.a(uart.o)
 .comment       0x00000000       0x71 ../../../../../..//binary/armv7a/gcc/mmcsdlib/Debug/libmmcsd.a(hs_mmcsdlib.o)
 .comment       0x00000000       0x71 ../../../../../..//binary/armv7a/gcc/mmcsdlib/Debug/libmmcsd.a(mmcsd_proto.o)
 .comment       0x00000000       0x71 ../../../../../..//binary/armv7a/gcc/am335x/drivers/Debug/libdrivers.a(uart_irda_cir.o)

.ARM.attributes
                0x00000000       0x35
 .ARM.attributes
                0x00000000       0x37 Debug_MMCSD/bl_copy.o
 .ARM.attributes
                0x00000037       0x37 Debug_MMCSD/bl_hsmmcsd.o
 .ARM.attributes
                0x0000006e       0x1f Debug_MMCSD/bl_init.o
 .ARM.attributes
                0x0000008d       0x37 Debug_MMCSD/bl_main.o
 .ARM.attributes
                0x000000c4       0x37 Debug_MMCSD/bl_platform.o
 .ARM.attributes
                0x000000fb       0x37 Debug_MMCSD/cache.o
 .ARM.attributes
                0x00000132       0x1f Debug_MMCSD/cp15.o
 .ARM.attributes
                0x00000151       0x37 Debug_MMCSD/device.o
 .ARM.attributes
                0x00000188       0x37 Debug_MMCSD/fat_mmcsd.o
 .ARM.attributes
                0x000001bf       0x37 Debug_MMCSD/ff.o
 .ARM.attributes
                0x000001f6       0x37 ../../../../../..//binary/armv7a/gcc/am335x/drivers/Debug/libdrivers.a(gpio_v2.o)
 .ARM.attributes
                0x0000022d       0x37 ../../../../../..//binary/armv7a/gcc/am335x/drivers/Debug/libdrivers.a(hs_mmcsd.o)
 .ARM.attributes
                0x00000264       0x37 ../../../../../..//binary/armv7a/gcc/am335x/drivers/Debug/libdrivers.a(hsi2c.o)
 .ARM.attributes
                0x0000029b       0x37 ../../../../../..//binary/armv7a/gcc/utils/Debug/libutils.a(board.o)
 .ARM.attributes
                0x000002d2       0x37 ../../../../../..//binary/armv7a/gcc/utils/Debug/libutils.a(uartStdio.o)
 .ARM.attributes
                0x00000309       0x37 ../../../../../..//binary/armv7a/gcc/am335x/beaglebone/platform/Debug/libplatform.a(board.o)
 .ARM.attributes
                0x00000340       0x37 ../../../../../..//binary/armv7a/gcc/am335x/beaglebone/platform/Debug/libplatform.a(eeprom.o)
 .ARM.attributes
                0x00000377       0x37 ../../../../../..//binary/armv7a/gcc/am335x/beaglebone/platform/Debug/libplatform.a(gpio.o)
 .ARM.attributes
                0x000003ae       0x37 ../../../../../..//binary/armv7a/gcc/am335x/beaglebone/platform/Debug/libplatform.a(hs_mmcsd.o)
 .ARM.attributes
                0x000003e5       0x37 ../../../../../..//binary/armv7a/gcc/am335x/beaglebone/platform/Debug/libplatform.a(hsi2c.o)
 .ARM.attributes
                0x0000041c       0x37 ../../../../../..//binary/armv7a/gcc/am335x/beaglebone/platform/Debug/libplatform.a(uartConsole.o)
 .ARM.attributes
                0x00000453       0x37 ../../../../../..//binary/armv7a/gcc/am335x/beaglebone/platform/Debug/libplatform.a(uart.o)
 .ARM.attributes
                0x0000048a       0x37 ../../../../../..//binary/armv7a/gcc/mmcsdlib/Debug/libmmcsd.a(hs_mmcsdlib.o)
 .ARM.attributes
                0x000004c1       0x37 ../../../../../..//binary/armv7a/gcc/mmcsdlib/Debug/libmmcsd.a(mmcsd_proto.o)
 .ARM.attributes
                0x000004f8       0x30 /home/thanasis/Programs/ti/ccsv6/tools/compiler/gcc-arm-none-eabi-4_7-2013q3/arm-none-eabi/lib//libc.a(lib_a-memcpy.o)
 .ARM.attributes
                0x00000528       0x30 /home/thanasis/Programs/ti/ccsv6/tools/compiler/gcc-arm-none-eabi-4_7-2013q3/arm-none-eabi/lib//libc.a(lib_a-memset.o)
 .ARM.attributes
                0x00000558       0x30 /home/thanasis/Programs/ti/ccsv6/tools/compiler/gcc-arm-none-eabi-4_7-2013q3/arm-none-eabi/lib//libc.a(lib_a-strcmp.o)
 .ARM.attributes
                0x00000588       0x18 /home/thanasis/Programs/ti/ccsv6/tools/compiler/gcc-arm-none-eabi-4_7-2013q3/lib/gcc/arm-none-eabi/4.7.4//libgcc.a(_udivsi3.o)
 .ARM.attributes
                0x000005a0       0x18 /home/thanasis/Programs/ti/ccsv6/tools/compiler/gcc-arm-none-eabi-4_7-2013q3/lib/gcc/arm-none-eabi/4.7.4//libgcc.a(_divsi3.o)
 .ARM.attributes
                0x000005b8       0x18 /home/thanasis/Programs/ti/ccsv6/tools/compiler/gcc-arm-none-eabi-4_7-2013q3/lib/gcc/arm-none-eabi/4.7.4//libgcc.a(_dvmd_tls.o)
 .ARM.attributes
                0x000005d0       0x37 ../../../../../..//binary/armv7a/gcc/am335x/drivers/Debug/libdrivers.a(uart_irda_cir.o)

.debug_frame    0x00000000     0x25e4
 .debug_frame   0x00000000       0x48 Debug_MMCSD/bl_copy.o
 .debug_frame   0x00000048       0xec Debug_MMCSD/bl_hsmmcsd.o
 .debug_frame   0x00000134       0x44 Debug_MMCSD/bl_main.o
 .debug_frame   0x00000178      0x314 Debug_MMCSD/bl_platform.o
 .debug_frame   0x0000048c      0x128 Debug_MMCSD/cache.o
 .debug_frame   0x000005b4       0x40 Debug_MMCSD/device.o
 .debug_frame   0x000005f4       0xac Debug_MMCSD/fat_mmcsd.o
 .debug_frame   0x000006a0      0x500 Debug_MMCSD/ff.o
 .debug_frame   0x00000ba0      0x2c8 ../../../../../..//binary/armv7a/gcc/am335x/drivers/Debug/libdrivers.a(gpio_v2.o)
 .debug_frame   0x00000e68      0x2c0 ../../../../../..//binary/armv7a/gcc/am335x/drivers/Debug/libdrivers.a(hs_mmcsd.o)
 .debug_frame   0x00001128      0x44c ../../../../../..//binary/armv7a/gcc/am335x/drivers/Debug/libdrivers.a(hsi2c.o)
 .debug_frame   0x00001574       0x74 ../../../../../..//binary/armv7a/gcc/utils/Debug/libutils.a(board.o)
 .debug_frame   0x000015e8      0x1a8 ../../../../../..//binary/armv7a/gcc/utils/Debug/libutils.a(uartStdio.o)
 .debug_frame   0x00001790       0x2c ../../../../../..//binary/armv7a/gcc/am335x/beaglebone/platform/Debug/libplatform.a(board.o)
 .debug_frame   0x000017bc       0x9c ../../../../../..//binary/armv7a/gcc/am335x/beaglebone/platform/Debug/libplatform.a(eeprom.o)
 .debug_frame   0x00001858       0xb8 ../../../../../..//binary/armv7a/gcc/am335x/beaglebone/platform/Debug/libplatform.a(gpio.o)
 .debug_frame   0x00001910       0x40 ../../../../../..//binary/armv7a/gcc/am335x/beaglebone/platform/Debug/libplatform.a(hs_mmcsd.o)
 .debug_frame   0x00001950       0x58 ../../../../../..//binary/armv7a/gcc/am335x/beaglebone/platform/Debug/libplatform.a(hsi2c.o)
 .debug_frame   0x000019a8       0xb8 ../../../../../..//binary/armv7a/gcc/am335x/beaglebone/platform/Debug/libplatform.a(uartConsole.o)
 .debug_frame   0x00001a60       0x70 ../../../../../..//binary/armv7a/gcc/am335x/beaglebone/platform/Debug/libplatform.a(uart.o)
 .debug_frame   0x00001ad0       0xb8 ../../../../../..//binary/armv7a/gcc/mmcsdlib/Debug/libmmcsd.a(hs_mmcsdlib.o)
 .debug_frame   0x00001b88      0x220 ../../../../../..//binary/armv7a/gcc/mmcsdlib/Debug/libmmcsd.a(mmcsd_proto.o)
 .debug_frame   0x00001da8       0x2c /home/thanasis/Programs/ti/ccsv6/tools/compiler/gcc-arm-none-eabi-4_7-2013q3/arm-none-eabi/lib//libc.a(lib_a-memcpy.o)
 .debug_frame   0x00001dd4       0x28 /home/thanasis/Programs/ti/ccsv6/tools/compiler/gcc-arm-none-eabi-4_7-2013q3/arm-none-eabi/lib//libc.a(lib_a-memset.o)
 .debug_frame   0x00001dfc       0x30 /home/thanasis/Programs/ti/ccsv6/tools/compiler/gcc-arm-none-eabi-4_7-2013q3/arm-none-eabi/lib//libc.a(lib_a-strcmp.o)
 .debug_frame   0x00001e2c       0x20 /home/thanasis/Programs/ti/ccsv6/tools/compiler/gcc-arm-none-eabi-4_7-2013q3/lib/gcc/arm-none-eabi/4.7.4//libgcc.a(_udivsi3.o)
 .debug_frame   0x00001e4c       0x20 /home/thanasis/Programs/ti/ccsv6/tools/compiler/gcc-arm-none-eabi-4_7-2013q3/lib/gcc/arm-none-eabi/4.7.4//libgcc.a(_divsi3.o)
 .debug_frame   0x00001e6c      0x778 ../../../../../..//binary/armv7a/gcc/am335x/drivers/Debug/libdrivers.a(uart_irda_cir.o)
